Component: ARM Compiler 5.06 update 7 (build 960) Tool: armlink [4d3601]

==============================================================================

Section Cross References

    main.o(.text) refers to tasks.o(.text) for vTaskDelay
    main.o(.text) refers to port.o(.text) for vPortEnterCritical
    main.o(.text) refers to misc.o(.text) for NVIC_PriorityGroupConfig
    main.o(.text) refers to delay.o(.text) for delay_init
    main.o(.text) refers to led.o(.text) for LED_Init
    main.o(.text) refers to main.o(.data) for .data
    system_stm32f10x.o(.text) refers to system_stm32f10x.o(.data) for .data
    led.o(.text) refers to stm32f10x_rcc.o(.text) for RCC_APB2PeriphClockCmd
    led.o(.text) refers to stm32f10x_gpio.o(.text) for GPIO_Init
    delay.o(.text) refers to misc.o(.text) for SysTick_CLKSourceConfig
    delay.o(.text) refers to system_stm32f10x.o(.data) for SystemCoreClock
    usart.o(.text) refers (Special) to use_no_semi_2.o(.text) for __use_no_semihosting
    usart.o(.text) refers to stm32f10x_rcc.o(.text) for RCC_APB2PeriphClockCmd
    usart.o(.text) refers to stm32f10x_gpio.o(.text) for GPIO_Init
    usart.o(.text) refers to misc.o(.text) for NVIC_Init
    usart.o(.text) refers to stm32f10x_usart.o(.text) for USART_Init
    usart.o(.text) refers to usart.o(.data) for .data
    usart.o(.text) refers to usart.o(.bss) for .bss
    usart.o(.bss) refers (Special) to use_no_semi_2.o(.text) for __use_no_semihosting
    usart.o(.data) refers (Special) to use_no_semi_2.o(.text) for __use_no_semihosting
    usart.o(.data) refers (Special) to use_no_semi_2.o(.text) for __use_no_semihosting
    startup_stm32f10x_hd.o(STACK) refers (Special) to heapauxi.o(.text) for __use_two_region_memory
    startup_stm32f10x_hd.o(HEAP) refers (Special) to heapauxi.o(.text) for __use_two_region_memory
    startup_stm32f10x_hd.o(RESET) refers (Special) to heapauxi.o(.text) for __use_two_region_memory
    startup_stm32f10x_hd.o(RESET) refers to startup_stm32f10x_hd.o(STACK) for __initial_sp
    startup_stm32f10x_hd.o(RESET) refers to startup_stm32f10x_hd.o(.text) for Reset_Handler
    startup_stm32f10x_hd.o(RESET) refers to stm32f10x_it.o(.text) for NMI_Handler
    startup_stm32f10x_hd.o(RESET) refers to port.o(.emb_text) for SVC_Handler
    startup_stm32f10x_hd.o(RESET) refers to port.o(.text) for SysTick_Handler
    startup_stm32f10x_hd.o(RESET) refers to usart.o(.text) for USART1_IRQHandler
    startup_stm32f10x_hd.o(.text) refers (Special) to heapauxi.o(.text) for __use_two_region_memory
    startup_stm32f10x_hd.o(.text) refers to system_stm32f10x.o(.text) for SystemInit
    startup_stm32f10x_hd.o(.text) refers to __main.o(!!!main) for __main
    startup_stm32f10x_hd.o(.text) refers to startup_stm32f10x_hd.o(HEAP) for Heap_Mem
    startup_stm32f10x_hd.o(.text) refers to startup_stm32f10x_hd.o(STACK) for Stack_Mem
    stm32f10x_gpio.o(.text) refers to stm32f10x_rcc.o(.text) for RCC_APB2PeriphResetCmd
    stm32f10x_rcc.o(.text) refers to stm32f10x_rcc.o(.data) for .data
    stm32f10x_usart.o(.text) refers to stm32f10x_rcc.o(.text) for RCC_APB2PeriphResetCmd
    event_groups.o(.text) refers to list.o(.text) for vListInitialise
    event_groups.o(.text) refers to heap_4.o(.text) for pvPortMalloc
    event_groups.o(.text) refers to tasks.o(.text) for vTaskSuspendAll
    event_groups.o(.text) refers to port.o(.text) for vPortEnterCritical
    queue.o(.text) refers to port.o(.text) for vPortEnterCritical
    queue.o(.text) refers to list.o(.text) for vListInitialise
    queue.o(.text) refers to tasks.o(.text) for xTaskRemoveFromEventList
    queue.o(.text) refers to heap_4.o(.text) for pvPortMalloc
    queue.o(.text) refers to rt_memcpy_v6.o(.text) for __aeabi_memcpy
    tasks.o(.text) refers to list.o(.text) for vListInitialiseItem
    tasks.o(.text) refers to port.o(.text) for pxPortInitialiseStack
    tasks.o(.text) refers to heap_4.o(.text) for pvPortMalloc
    tasks.o(.text) refers to rt_memclr_w.o(.text) for __aeabi_memclr4
    tasks.o(.text) refers to tasks.o(.data) for .data
    tasks.o(.text) refers to tasks.o(.bss) for .bss
    tasks.o(.text) refers to timers.o(.text) for xTimerCreateTimerTask
    timers.o(.text) refers to list.o(.text) for vListInsert
    timers.o(.text) refers to tasks.o(.text) for xTaskGetTickCount
    timers.o(.text) refers to heap_4.o(.text) for vPortFree
    timers.o(.text) refers to queue.o(.text) for xQueueReceive
    timers.o(.text) refers to port.o(.text) for vPortEnterCritical
    timers.o(.text) refers to timers.o(.data) for .data
    timers.o(.text) refers to timers.o(.bss) for .bss
    port.o(.emb_text) refers to tasks.o(.text) for vTaskSwitchContext
    port.o(.emb_text) refers to tasks.o(.data) for pxCurrentTCB
    port.o(.text) refers to port.o(.emb_text) for __asm___6_port_c_39a90d8d__prvStartFirstTask
    port.o(.text) refers to tasks.o(.text) for xTaskIncrementTick
    port.o(.text) refers to port.o(.data) for .data
    heap_4.o(.text) refers to tasks.o(.text) for vTaskSuspendAll
    heap_4.o(.text) refers to rt_memclr.o(.text) for __aeabi_memclr
    heap_4.o(.text) refers to port.o(.text) for vPortEnterCritical
    heap_4.o(.text) refers to heap_4.o(.data) for .data
    heap_4.o(.text) refers to heap_4.o(.bss) for .bss
    use_no_semi_2.o(.text) refers (Special) to use_no_semi.o(.text) for __use_no_semihosting_swi
    rt_memcpy_v6.o(.text) refers to rt_memcpy_w.o(.text) for __aeabi_memcpy4
    rt_memclr.o(.text) refers to rt_memclr_w.o(.text) for _memset_w
    __main.o(!!!main) refers to __rtentry.o(.ARM.Collect$$rtentry$$00000000) for __rt_entry
    __rtentry.o(.ARM.Collect$$rtentry$$00000000) refers (Special) to __rtentry2.o(.ARM.Collect$$rtentry$$0000000A) for __rt_entry_li
    __rtentry.o(.ARM.Collect$$rtentry$$00000000) refers (Special) to __rtentry2.o(.ARM.Collect$$rtentry$$0000000D) for __rt_entry_main
    __rtentry.o(.ARM.Collect$$rtentry$$00000000) refers (Special) to __rtentry2.o(.ARM.Collect$$rtentry$$0000000C) for __rt_entry_postli_1
    __rtentry.o(.ARM.Collect$$rtentry$$00000000) refers (Special) to __rtentry2.o(.ARM.Collect$$rtentry$$00000009) for __rt_entry_postsh_1
    __rtentry.o(.ARM.Collect$$rtentry$$00000000) refers (Special) to __rtentry2.o(.ARM.Collect$$rtentry$$00000002) for __rt_entry_presh_1
    __rtentry.o(.ARM.Collect$$rtentry$$00000000) refers (Special) to __rtentry4.o(.ARM.Collect$$rtentry$$00000004) for __rt_entry_sh
    __rtentry2.o(.ARM.Collect$$rtentry$$00000008) refers to boardinit2.o(.text) for _platform_post_stackheap_init
    __rtentry2.o(.ARM.Collect$$rtentry$$0000000A) refers to libinit.o(.ARM.Collect$$libinit$$00000000) for __rt_lib_init
    __rtentry2.o(.ARM.Collect$$rtentry$$0000000B) refers to boardinit3.o(.text) for _platform_post_lib_init
    __rtentry2.o(.ARM.Collect$$rtentry$$0000000D) refers to main.o(.text) for main
    __rtentry2.o(.ARM.Collect$$rtentry$$0000000D) refers to exit.o(.text) for exit
    __rtentry2.o(.ARM.exidx) refers to __rtentry2.o(.ARM.Collect$$rtentry$$00000001) for .ARM.Collect$$rtentry$$00000001
    __rtentry2.o(.ARM.exidx) refers to __rtentry2.o(.ARM.Collect$$rtentry$$00000008) for .ARM.Collect$$rtentry$$00000008
    __rtentry2.o(.ARM.exidx) refers to __rtentry2.o(.ARM.Collect$$rtentry$$0000000A) for .ARM.Collect$$rtentry$$0000000A
    __rtentry2.o(.ARM.exidx) refers to __rtentry2.o(.ARM.Collect$$rtentry$$0000000B) for .ARM.Collect$$rtentry$$0000000B
    __rtentry2.o(.ARM.exidx) refers to __rtentry2.o(.ARM.Collect$$rtentry$$0000000D) for .ARM.Collect$$rtentry$$0000000D
    __rtentry4.o(.ARM.Collect$$rtentry$$00000004) refers to sys_stackheap_outer.o(.text) for __user_setup_stackheap
    __rtentry4.o(.ARM.exidx) refers to __rtentry4.o(.ARM.Collect$$rtentry$$00000004) for .ARM.Collect$$rtentry$$00000004
    sys_stackheap_outer.o(.text) refers to libspace.o(.text) for __user_perproc_libspace
    sys_stackheap_outer.o(.text) refers to startup_stm32f10x_hd.o(.text) for __user_initial_stackheap
    exit.o(.text) refers to rtexit.o(.ARM.Collect$$rtexit$$00000000) for __rt_exit
    libinit.o(.ARM.Collect$$libinit$$00000000) refers (Special) to libinit2.o(.ARM.Collect$$libinit$$0000002E) for __rt_lib_init_alloca_1
    libinit.o(.ARM.Collect$$libinit$$00000000) refers (Special) to libinit2.o(.ARM.Collect$$libinit$$0000002C) for __rt_lib_init_argv_1
    libinit.o(.ARM.Collect$$libinit$$00000000) refers (Special) to libinit2.o(.ARM.Collect$$libinit$$0000001B) for __rt_lib_init_atexit_1
    libinit.o(.ARM.Collect$$libinit$$00000000) refers (Special) to libinit2.o(.ARM.Collect$$libinit$$00000021) for __rt_lib_init_clock_1
    libinit.o(.ARM.Collect$$libinit$$00000000) refers (Special) to libinit2.o(.ARM.Collect$$libinit$$00000032) for __rt_lib_init_cpp_1
    libinit.o(.ARM.Collect$$libinit$$00000000) refers (Special) to libinit2.o(.ARM.Collect$$libinit$$00000030) for __rt_lib_init_exceptions_1
    libinit.o(.ARM.Collect$$libinit$$00000000) refers (Special) to libinit2.o(.ARM.Collect$$libinit$$00000002) for __rt_lib_init_fp_1
    libinit.o(.ARM.Collect$$libinit$$00000000) refers (Special) to libinit2.o(.ARM.Collect$$libinit$$0000001F) for __rt_lib_init_fp_trap_1
    libinit.o(.ARM.Collect$$libinit$$00000000) refers (Special) to libinit2.o(.ARM.Collect$$libinit$$00000023) for __rt_lib_init_getenv_1
    libinit.o(.ARM.Collect$$libinit$$00000000) refers (Special) to libinit2.o(.ARM.Collect$$libinit$$0000000A) for __rt_lib_init_heap_1
    libinit.o(.ARM.Collect$$libinit$$00000000) refers (Special) to libinit2.o(.ARM.Collect$$libinit$$00000011) for __rt_lib_init_lc_collate_1
    libinit.o(.ARM.Collect$$libinit$$00000000) refers (Special) to libinit2.o(.ARM.Collect$$libinit$$00000013) for __rt_lib_init_lc_ctype_1
    libinit.o(.ARM.Collect$$libinit$$00000000) refers (Special) to libinit2.o(.ARM.Collect$$libinit$$00000015) for __rt_lib_init_lc_monetary_1
    libinit.o(.ARM.Collect$$libinit$$00000000) refers (Special) to libinit2.o(.ARM.Collect$$libinit$$00000017) for __rt_lib_init_lc_numeric_1
    libinit.o(.ARM.Collect$$libinit$$00000000) refers (Special) to libinit2.o(.ARM.Collect$$libinit$$00000019) for __rt_lib_init_lc_time_1
    libinit.o(.ARM.Collect$$libinit$$00000000) refers (Special) to libinit2.o(.ARM.Collect$$libinit$$00000004) for __rt_lib_init_preinit_1
    libinit.o(.ARM.Collect$$libinit$$00000000) refers (Special) to libinit2.o(.ARM.Collect$$libinit$$0000000E) for __rt_lib_init_rand_1
    libinit.o(.ARM.Collect$$libinit$$00000000) refers (Special) to libinit2.o(.ARM.Collect$$libinit$$00000033) for __rt_lib_init_return
    libinit.o(.ARM.Collect$$libinit$$00000000) refers (Special) to libinit2.o(.ARM.Collect$$libinit$$0000001D) for __rt_lib_init_signal_1
    libinit.o(.ARM.Collect$$libinit$$00000000) refers (Special) to libinit2.o(.ARM.Collect$$libinit$$00000025) for __rt_lib_init_stdio_1
    libinit.o(.ARM.Collect$$libinit$$00000000) refers (Special) to libinit2.o(.ARM.Collect$$libinit$$0000000C) for __rt_lib_init_user_alloc_1
    libspace.o(.text) refers to libspace.o(.bss) for __libspace_start
    rtexit.o(.ARM.Collect$$rtexit$$00000000) refers (Special) to rtexit2.o(.ARM.Collect$$rtexit$$00000004) for __rt_exit_exit
    rtexit.o(.ARM.Collect$$rtexit$$00000000) refers (Special) to rtexit2.o(.ARM.Collect$$rtexit$$00000003) for __rt_exit_ls
    rtexit.o(.ARM.Collect$$rtexit$$00000000) refers (Special) to rtexit2.o(.ARM.Collect$$rtexit$$00000002) for __rt_exit_prels_1
    rtexit.o(.ARM.exidx) refers (Special) to rtexit2.o(.ARM.Collect$$rtexit$$00000004) for __rt_exit_exit
    rtexit.o(.ARM.exidx) refers (Special) to rtexit2.o(.ARM.Collect$$rtexit$$00000003) for __rt_exit_ls
    rtexit.o(.ARM.exidx) refers (Special) to rtexit2.o(.ARM.Collect$$rtexit$$00000002) for __rt_exit_prels_1
    rtexit.o(.ARM.exidx) refers to rtexit.o(.ARM.Collect$$rtexit$$00000000) for .ARM.Collect$$rtexit$$00000000
    libinit2.o(.ARM.Collect$$libinit$$00000010) refers to libinit2.o(.ARM.Collect$$libinit$$0000000F) for .ARM.Collect$$libinit$$0000000F
    libinit2.o(.ARM.Collect$$libinit$$00000012) refers to libinit2.o(.ARM.Collect$$libinit$$0000000F) for .ARM.Collect$$libinit$$0000000F
    libinit2.o(.ARM.Collect$$libinit$$00000014) refers to libinit2.o(.ARM.Collect$$libinit$$0000000F) for .ARM.Collect$$libinit$$0000000F
    libinit2.o(.ARM.Collect$$libinit$$00000016) refers to libinit2.o(.ARM.Collect$$libinit$$0000000F) for .ARM.Collect$$libinit$$0000000F
    libinit2.o(.ARM.Collect$$libinit$$00000018) refers to libinit2.o(.ARM.Collect$$libinit$$0000000F) for .ARM.Collect$$libinit$$0000000F
    libinit2.o(.ARM.Collect$$libinit$$00000026) refers to argv_veneer.o(.emb_text) for __ARM_argv_veneer
    libinit2.o(.ARM.Collect$$libinit$$00000027) refers to argv_veneer.o(.emb_text) for __ARM_argv_veneer
    rtexit2.o(.ARM.Collect$$rtexit$$00000003) refers to libshutdown.o(.ARM.Collect$$libshutdown$$00000000) for __rt_lib_shutdown
    rtexit2.o(.ARM.Collect$$rtexit$$00000004) refers to usart.o(.text) for _sys_exit
    rtexit2.o(.ARM.exidx) refers to rtexit2.o(.ARM.Collect$$rtexit$$00000001) for .ARM.Collect$$rtexit$$00000001
    rtexit2.o(.ARM.exidx) refers to rtexit2.o(.ARM.Collect$$rtexit$$00000003) for .ARM.Collect$$rtexit$$00000003
    rtexit2.o(.ARM.exidx) refers to rtexit2.o(.ARM.Collect$$rtexit$$00000004) for .ARM.Collect$$rtexit$$00000004
    argv_veneer.o(.emb_text) refers to no_argv.o(.text) for __ARM_get_argv
    _get_argv_nomalloc.o(.text) refers (Special) to hrguard.o(.text) for __heap_region$guard
    _get_argv_nomalloc.o(.text) refers to defsig_rtmem_outer.o(.text) for __rt_SIGRTMEM
    _get_argv_nomalloc.o(.text) refers to sys_command.o(.text) for _sys_command_string
    libshutdown.o(.ARM.Collect$$libshutdown$$00000000) refers (Special) to libshutdown2.o(.ARM.Collect$$libshutdown$$00000004) for __rt_lib_shutdown_cpp_1
    libshutdown.o(.ARM.Collect$$libshutdown$$00000000) refers (Special) to libshutdown2.o(.ARM.Collect$$libshutdown$$00000002) for __rt_lib_shutdown_fini_1
    libshutdown.o(.ARM.Collect$$libshutdown$$00000000) refers (Special) to libshutdown2.o(.ARM.Collect$$libshutdown$$00000009) for __rt_lib_shutdown_fp_trap_1
    libshutdown.o(.ARM.Collect$$libshutdown$$00000000) refers (Special) to libshutdown2.o(.ARM.Collect$$libshutdown$$00000011) for __rt_lib_shutdown_heap_1
    libshutdown.o(.ARM.Collect$$libshutdown$$00000000) refers (Special) to libshutdown2.o(.ARM.Collect$$libshutdown$$00000012) for __rt_lib_shutdown_return
    libshutdown.o(.ARM.Collect$$libshutdown$$00000000) refers (Special) to libshutdown2.o(.ARM.Collect$$libshutdown$$0000000C) for __rt_lib_shutdown_signal_1
    libshutdown.o(.ARM.Collect$$libshutdown$$00000000) refers (Special) to libshutdown2.o(.ARM.Collect$$libshutdown$$00000006) for __rt_lib_shutdown_stdio_1
    libshutdown.o(.ARM.Collect$$libshutdown$$00000000) refers (Special) to libshutdown2.o(.ARM.Collect$$libshutdown$$0000000E) for __rt_lib_shutdown_user_alloc_1
    sys_command.o(.text) refers (Special) to use_no_semi.o(.text) for __I$use$semihosting
    sys_command.o(.text) refers (Special) to indicate_semi.o(.text) for __semihosting_library_function
    defsig_rtmem_outer.o(.text) refers to defsig_rtmem_inner.o(.text) for __rt_SIGRTMEM_inner
    defsig_rtmem_outer.o(.text) refers to defsig_exit.o(.text) for __sig_exit
    defsig_rtmem_formal.o(.text) refers to rt_raise.o(.text) for __rt_raise
    rt_raise.o(.text) refers to __raise.o(.text) for __raise
    rt_raise.o(.text) refers to usart.o(.text) for _sys_exit
    defsig_exit.o(.text) refers to usart.o(.text) for _sys_exit
    defsig_rtmem_inner.o(.text) refers to defsig_general.o(.text) for __default_signal_display
    __raise.o(.text) refers to defsig.o(CL$$defsig) for __default_signal_handler
    defsig_general.o(.text) refers to sys_wrch.o(.text) for _ttywrch
    sys_wrch.o(.text) refers (Special) to use_no_semi.o(.text) for __I$use$semihosting
    sys_wrch.o(.text) refers (Special) to indicate_semi.o(.text) for __semihosting_library_function
    defsig.o(CL$$defsig) refers to defsig_rtmem_inner.o(.text) for __rt_SIGRTMEM_inner
    defsig_abrt_inner.o(.text) refers to defsig_general.o(.text) for __default_signal_display
    defsig_fpe_inner.o(.text) refers to defsig_general.o(.text) for __default_signal_display
    defsig_rtred_inner.o(.text) refers to defsig_general.o(.text) for __default_signal_display
    defsig_stak_inner.o(.text) refers to defsig_general.o(.text) for __default_signal_display
    defsig_pvfn_inner.o(.text) refers to defsig_general.o(.text) for __default_signal_display
    defsig_cppl_inner.o(.text) refers to defsig_general.o(.text) for __default_signal_display
    defsig_segv_inner.o(.text) refers to defsig_general.o(.text) for __default_signal_display
    defsig_other.o(.text) refers to defsig_general.o(.text) for __default_signal_display


==============================================================================

Removing Unused input sections from the image.

    Removing sys.o(.emb_text), (6 bytes).
    Removing sys.o(.text), (12 bytes).
    Removing usart.o(.data), (4 bytes).
    Removing core_cm3.o(.emb_text), (32 bytes).
    Removing event_groups.o(.text), (932 bytes).

5 unused section(s) (total 986 bytes) removed from the image.

==============================================================================

Image Symbol Table

    Local Symbols

    Symbol Name                              Value     Ov Type        Size  Object(Section)

    ../clib/angel/boardlib.s                 0x00000000   Number         0  boardinit3.o ABSOLUTE
    ../clib/angel/boardlib.s                 0x00000000   Number         0  boardinit2.o ABSOLUTE
    ../clib/angel/boardlib.s                 0x00000000   Number         0  boardinit1.o ABSOLUTE
    ../clib/angel/boardlib.s                 0x00000000   Number         0  boardshut.o ABSOLUTE
    ../clib/angel/handlers.s                 0x00000000   Number         0  __scatter_copy.o ABSOLUTE
    ../clib/angel/handlers.s                 0x00000000   Number         0  __scatter_zi.o ABSOLUTE
    ../clib/angel/kernel.s                   0x00000000   Number         0  rtexit.o ABSOLUTE
    ../clib/angel/kernel.s                   0x00000000   Number         0  __rtentry.o ABSOLUTE
    ../clib/angel/kernel.s                   0x00000000   Number         0  __rtentry2.o ABSOLUTE
    ../clib/angel/kernel.s                   0x00000000   Number         0  rtexit2.o ABSOLUTE
    ../clib/angel/kernel.s                   0x00000000   Number         0  __rtentry4.o ABSOLUTE
    ../clib/angel/rt.s                       0x00000000   Number         0  rt_raise.o ABSOLUTE
    ../clib/angel/scatter.s                  0x00000000   Number         0  __scatter.o ABSOLUTE
    ../clib/angel/startup.s                  0x00000000   Number         0  __main.o ABSOLUTE
    ../clib/angel/sys.s                      0x00000000   Number         0  indicate_semi.o ABSOLUTE
    ../clib/angel/sys.s                      0x00000000   Number         0  libspace.o ABSOLUTE
    ../clib/angel/sys.s                      0x00000000   Number         0  use_no_semi_2.o ABSOLUTE
    ../clib/angel/sys.s                      0x00000000   Number         0  sys_stackheap_outer.o ABSOLUTE
    ../clib/angel/sys.s                      0x00000000   Number         0  use_no_semi.o ABSOLUTE
    ../clib/angel/sysapp.c                   0x00000000   Number         0  sys_command.o ABSOLUTE
    ../clib/angel/sysapp.c                   0x00000000   Number         0  sys_wrch.o ABSOLUTE
    ../clib/armsys.c                         0x00000000   Number         0  argv_veneer.o ABSOLUTE
    ../clib/armsys.c                         0x00000000   Number         0  no_argv.o ABSOLUTE
    ../clib/armsys.c                         0x00000000   Number         0  _get_argv_nomalloc.o ABSOLUTE
    ../clib/armsys.c                         0x00000000   Number         0  argv_veneer.o ABSOLUTE
    ../clib/heapalloc.c                      0x00000000   Number         0  hrguard.o ABSOLUTE
    ../clib/heapaux.c                        0x00000000   Number         0  heapauxi.o ABSOLUTE
    ../clib/libinit.s                        0x00000000   Number         0  libshutdown2.o ABSOLUTE
    ../clib/libinit.s                        0x00000000   Number         0  libinit2.o ABSOLUTE
    ../clib/libinit.s                        0x00000000   Number         0  libinit.o ABSOLUTE
    ../clib/libinit.s                        0x00000000   Number         0  libshutdown.o ABSOLUTE
    ../clib/memcpset.s                       0x00000000   Number         0  rt_memcpy_v6.o ABSOLUTE
    ../clib/memcpset.s                       0x00000000   Number         0  rt_memcpy_w.o ABSOLUTE
    ../clib/memcpset.s                       0x00000000   Number         0  rt_memclr_w.o ABSOLUTE
    ../clib/memcpset.s                       0x00000000   Number         0  rt_memclr.o ABSOLUTE
    ../clib/signal.c                         0x00000000   Number         0  defsig_rtmem_formal.o ABSOLUTE
    ../clib/signal.c                         0x00000000   Number         0  defsig_cppl_inner.o ABSOLUTE
    ../clib/signal.c                         0x00000000   Number         0  defsig_rtmem_outer.o ABSOLUTE
    ../clib/signal.c                         0x00000000   Number         0  defsig_exit.o ABSOLUTE
    ../clib/signal.c                         0x00000000   Number         0  defsig_other.o ABSOLUTE
    ../clib/signal.c                         0x00000000   Number         0  defsig_segv_inner.o ABSOLUTE
    ../clib/signal.c                         0x00000000   Number         0  defsig_pvfn_inner.o ABSOLUTE
    ../clib/signal.c                         0x00000000   Number         0  defsig_stak_inner.o ABSOLUTE
    ../clib/signal.c                         0x00000000   Number         0  defsig_rtred_inner.o ABSOLUTE
    ../clib/signal.c                         0x00000000   Number         0  defsig_fpe_inner.o ABSOLUTE
    ../clib/signal.c                         0x00000000   Number         0  defsig_abrt_inner.o ABSOLUTE
    ../clib/signal.c                         0x00000000   Number         0  defsig_general.o ABSOLUTE
    ../clib/signal.c                         0x00000000   Number         0  __raise.o ABSOLUTE
    ../clib/signal.c                         0x00000000   Number         0  defsig_rtmem_inner.o ABSOLUTE
    ../clib/signal.s                         0x00000000   Number         0  defsig.o ABSOLUTE
    ../clib/stdlib.c                         0x00000000   Number         0  exit.o ABSOLUTE
    ../fplib/fpinit.s                        0x00000000   Number         0  fpinit.o ABSOLUTE
    ..\CORE\core_cm3.c                       0x00000000   Number         0  core_cm3.o ABSOLUTE
    ..\CORE\startup_stm32f10x_hd.s           0x00000000   Number         0  startup_stm32f10x_hd.o ABSOLUTE
    ..\FreeRTOS\croutine.c                   0x00000000   Number         0  croutine.o ABSOLUTE
    ..\FreeRTOS\event_groups.c               0x00000000   Number         0  event_groups.o ABSOLUTE
    ..\FreeRTOS\list.c                       0x00000000   Number         0  list.o ABSOLUTE
    ..\FreeRTOS\portable\MemMang\heap_4.c    0x00000000   Number         0  heap_4.o ABSOLUTE
    ..\FreeRTOS\portable\RVDS\ARM_CM3\port.c 0x00000000   Number         0  port.o ABSOLUTE
    ..\FreeRTOS\queue.c                      0x00000000   Number         0  queue.o ABSOLUTE
    ..\FreeRTOS\tasks.c                      0x00000000   Number         0  tasks.o ABSOLUTE
    ..\FreeRTOS\timers.c                     0x00000000   Number         0  timers.o ABSOLUTE
    ..\HARDWARE\LED\led.c                    0x00000000   Number         0  led.o ABSOLUTE
    ..\STM32F10x_FWLib\src\misc.c            0x00000000   Number         0  misc.o ABSOLUTE
    ..\STM32F10x_FWLib\src\stm32f10x_gpio.c  0x00000000   Number         0  stm32f10x_gpio.o ABSOLUTE
    ..\STM32F10x_FWLib\src\stm32f10x_rcc.c   0x00000000   Number         0  stm32f10x_rcc.o ABSOLUTE
    ..\STM32F10x_FWLib\src\stm32f10x_usart.c 0x00000000   Number         0  stm32f10x_usart.o ABSOLUTE
    ..\SYSTEM\delay\delay.c                  0x00000000   Number         0  delay.o ABSOLUTE
    ..\SYSTEM\sys\sys.c                      0x00000000   Number         0  sys.o ABSOLUTE
    ..\SYSTEM\usart\usart.c                  0x00000000   Number         0  usart.o ABSOLUTE
    ..\\CORE\\core_cm3.c                     0x00000000   Number         0  core_cm3.o ABSOLUTE
    ..\\FreeRTOS\\portable\\RVDS\\ARM_CM3\\port.c 0x00000000   Number         0  port.o ABSOLUTE
    ..\\SYSTEM\\sys\\sys.c                   0x00000000   Number         0  sys.o ABSOLUTE
    dc.s                                     0x00000000   Number         0  dc.o ABSOLUTE
    main.c                                   0x00000000   Number         0  main.o ABSOLUTE
    stm32f10x_it.c                           0x00000000   Number         0  stm32f10x_it.o ABSOLUTE
    system_stm32f10x.c                       0x00000000   Number         0  system_stm32f10x.o ABSOLUTE
    RESET                                    0x08000000   Section      304  startup_stm32f10x_hd.o(RESET)
    !!!main                                  0x08000130   Section        8  __main.o(!!!main)
    !!!scatter                               0x08000138   Section       52  __scatter.o(!!!scatter)
    !!handler_copy                           0x0800016c   Section       26  __scatter_copy.o(!!handler_copy)
    !!handler_zi                             0x08000188   Section       28  __scatter_zi.o(!!handler_zi)
    .ARM.Collect$$libinit$$00000000          0x080001a4   Section        2  libinit.o(.ARM.Collect$$libinit$$00000000)
    .ARM.Collect$$libinit$$00000002          0x080001a6   Section        0  libinit2.o(.ARM.Collect$$libinit$$00000002)
    .ARM.Collect$$libinit$$00000004          0x080001a6   Section        0  libinit2.o(.ARM.Collect$$libinit$$00000004)
    .ARM.Collect$$libinit$$0000000A          0x080001a6   Section        0  libinit2.o(.ARM.Collect$$libinit$$0000000A)
    .ARM.Collect$$libinit$$0000000C          0x080001a6   Section        0  libinit2.o(.ARM.Collect$$libinit$$0000000C)
    .ARM.Collect$$libinit$$0000000E          0x080001a6   Section        0  libinit2.o(.ARM.Collect$$libinit$$0000000E)
    .ARM.Collect$$libinit$$00000011          0x080001a6   Section        0  libinit2.o(.ARM.Collect$$libinit$$00000011)
    .ARM.Collect$$libinit$$00000013          0x080001a6   Section        0  libinit2.o(.ARM.Collect$$libinit$$00000013)
    .ARM.Collect$$libinit$$00000015          0x080001a6   Section        0  libinit2.o(.ARM.Collect$$libinit$$00000015)
    .ARM.Collect$$libinit$$00000017          0x080001a6   Section        0  libinit2.o(.ARM.Collect$$libinit$$00000017)
    .ARM.Collect$$libinit$$00000019          0x080001a6   Section        0  libinit2.o(.ARM.Collect$$libinit$$00000019)
    .ARM.Collect$$libinit$$0000001B          0x080001a6   Section        0  libinit2.o(.ARM.Collect$$libinit$$0000001B)
    .ARM.Collect$$libinit$$0000001D          0x080001a6   Section        0  libinit2.o(.ARM.Collect$$libinit$$0000001D)
    .ARM.Collect$$libinit$$0000001F          0x080001a6   Section        0  libinit2.o(.ARM.Collect$$libinit$$0000001F)
    .ARM.Collect$$libinit$$00000021          0x080001a6   Section        0  libinit2.o(.ARM.Collect$$libinit$$00000021)
    .ARM.Collect$$libinit$$00000023          0x080001a6   Section        0  libinit2.o(.ARM.Collect$$libinit$$00000023)
    .ARM.Collect$$libinit$$00000025          0x080001a6   Section        0  libinit2.o(.ARM.Collect$$libinit$$00000025)
    .ARM.Collect$$libinit$$0000002C          0x080001a6   Section        0  libinit2.o(.ARM.Collect$$libinit$$0000002C)
    .ARM.Collect$$libinit$$0000002E          0x080001a6   Section        0  libinit2.o(.ARM.Collect$$libinit$$0000002E)
    .ARM.Collect$$libinit$$00000030          0x080001a6   Section        0  libinit2.o(.ARM.Collect$$libinit$$00000030)
    .ARM.Collect$$libinit$$00000032          0x080001a6   Section        0  libinit2.o(.ARM.Collect$$libinit$$00000032)
    .ARM.Collect$$libinit$$00000033          0x080001a6   Section        2  libinit2.o(.ARM.Collect$$libinit$$00000033)
    .ARM.Collect$$libshutdown$$00000000      0x080001a8   Section        2  libshutdown.o(.ARM.Collect$$libshutdown$$00000000)
    .ARM.Collect$$libshutdown$$00000002      0x080001aa   Section        0  libshutdown2.o(.ARM.Collect$$libshutdown$$00000002)
    .ARM.Collect$$libshutdown$$00000004      0x080001aa   Section        0  libshutdown2.o(.ARM.Collect$$libshutdown$$00000004)
    .ARM.Collect$$libshutdown$$00000006      0x080001aa   Section        0  libshutdown2.o(.ARM.Collect$$libshutdown$$00000006)
    .ARM.Collect$$libshutdown$$00000009      0x080001aa   Section        0  libshutdown2.o(.ARM.Collect$$libshutdown$$00000009)
    .ARM.Collect$$libshutdown$$0000000C      0x080001aa   Section        0  libshutdown2.o(.ARM.Collect$$libshutdown$$0000000C)
    .ARM.Collect$$libshutdown$$0000000E      0x080001aa   Section        0  libshutdown2.o(.ARM.Collect$$libshutdown$$0000000E)
    .ARM.Collect$$libshutdown$$00000011      0x080001aa   Section        0  libshutdown2.o(.ARM.Collect$$libshutdown$$00000011)
    .ARM.Collect$$libshutdown$$00000012      0x080001aa   Section        2  libshutdown2.o(.ARM.Collect$$libshutdown$$00000012)
    .ARM.Collect$$rtentry$$00000000          0x080001ac   Section        0  __rtentry.o(.ARM.Collect$$rtentry$$00000000)
    .ARM.Collect$$rtentry$$00000002          0x080001ac   Section        0  __rtentry2.o(.ARM.Collect$$rtentry$$00000002)
    .ARM.Collect$$rtentry$$00000004          0x080001ac   Section        6  __rtentry4.o(.ARM.Collect$$rtentry$$00000004)
    .ARM.Collect$$rtentry$$00000009          0x080001b2   Section        0  __rtentry2.o(.ARM.Collect$$rtentry$$00000009)
    .ARM.Collect$$rtentry$$0000000A          0x080001b2   Section        4  __rtentry2.o(.ARM.Collect$$rtentry$$0000000A)
    .ARM.Collect$$rtentry$$0000000C          0x080001b6   Section        0  __rtentry2.o(.ARM.Collect$$rtentry$$0000000C)
    .ARM.Collect$$rtentry$$0000000D          0x080001b6   Section        8  __rtentry2.o(.ARM.Collect$$rtentry$$0000000D)
    .ARM.Collect$$rtexit$$00000000           0x080001be   Section        2  rtexit.o(.ARM.Collect$$rtexit$$00000000)
    .ARM.Collect$$rtexit$$00000002           0x080001c0   Section        0  rtexit2.o(.ARM.Collect$$rtexit$$00000002)
    .ARM.Collect$$rtexit$$00000003           0x080001c0   Section        4  rtexit2.o(.ARM.Collect$$rtexit$$00000003)
    .ARM.Collect$$rtexit$$00000004           0x080001c4   Section        6  rtexit2.o(.ARM.Collect$$rtexit$$00000004)
    .emb_text                                0x080001cc   Section      150  port.o(.emb_text)
    .text                                    0x08000264   Section        0  main.o(.text)
    .text                                    0x08000344   Section        0  stm32f10x_it.o(.text)
    .text                                    0x08000350   Section        0  system_stm32f10x.o(.text)
    SetSysClockTo72                          0x08000351   Thumb Code   160  system_stm32f10x.o(.text)
    .text                                    0x080004a8   Section        0  led.o(.text)
    .text                                    0x080004f8   Section        0  delay.o(.text)
    .text                                    0x08000534   Section        0  usart.o(.text)
    .text                                    0x08000648   Section       64  startup_stm32f10x_hd.o(.text)
    .text                                    0x08000688   Section        0  misc.o(.text)
    .text                                    0x08000738   Section        0  stm32f10x_gpio.o(.text)
    .text                                    0x0800099c   Section        0  stm32f10x_rcc.o(.text)
    .text                                    0x08000c54   Section        0  stm32f10x_usart.o(.text)
    .text                                    0x08000f7c   Section        0  list.o(.text)
    .text                                    0x08001004   Section        0  queue.o(.text)
    prvUnlockQueue                           0x08001185   Thumb Code   106  queue.o(.text)
    prvCopyDataToQueue                       0x080011ef   Thumb Code   106  queue.o(.text)
    prvCopyDataFromQueue                     0x080017bb   Thumb Code    38  queue.o(.text)
    prvInitialiseNewQueue                    0x08001c77   Thumb Code    22  queue.o(.text)
    prvInitialiseMutex                       0x08001c8d   Thumb Code    22  queue.o(.text)
    prvIsQueueEmpty                          0x08001ca3   Thumb Code    26  queue.o(.text)
    .text                                    0x08001cc0   Section        0  tasks.o(.text)
    prvInitialiseNewTask                     0x08001cc1   Thumb Code   148  tasks.o(.text)
    prvAddNewTaskToReadyList                 0x08001d55   Thumb Code   224  tasks.o(.text)
    prvDeleteTCB                             0x08001ec1   Thumb Code    52  tasks.o(.text)
    prvAddCurrentTaskToDelayedList           0x080021eb   Thumb Code   116  tasks.o(.text)
    prvTaskIsTaskSuspended                   0x0800257d   Thumb Code    80  tasks.o(.text)
    prvCheckTasksWaitingTermination          0x0800271d   Thumb Code    54  tasks.o(.text)
    prvIdleTask                              0x08002753   Thumb Code    30  tasks.o(.text)
    prvCreateStaticTask                      0x080033b3   Thumb Code   106  tasks.o(.text)
    prvResetNextTaskUnblockTime              0x0800341d   Thumb Code    24  tasks.o(.text)
    prvCreateIdleTasks                       0x08003435   Thumb Code    88  tasks.o(.text)
    .text                                    0x080034a4   Section        0  timers.o(.text)
    prvInsertTimerInActiveList               0x080034a5   Thumb Code    52  timers.o(.text)
    prvProcessExpiredTimer                   0x080034d9   Thumb Code    58  timers.o(.text)
    prvSampleTimeNow                         0x08003513   Thumb Code    66  timers.o(.text)
    prvProcessReceivedCommands               0x08003555   Thumb Code   230  timers.o(.text)
    prvTimerTask                             0x0800363b   Thumb Code    34  timers.o(.text)
    prvCheckForValidListAndQueue             0x0800365d   Thumb Code    64  timers.o(.text)
    prvInitialiseNewTimer                    0x080036eb   Thumb Code    74  timers.o(.text)
    prvReloadTimer                           0x080039c1   Thumb Code    40  timers.o(.text)
    prvProcessTimerOrBlockTask               0x080039e9   Thumb Code    98  timers.o(.text)
    .text                                    0x08003a54   Section        0  port.o(.text)
    prvTaskExitError                         0x08003a55   Thumb Code    36  port.o(.text)
    .text                                    0x08003c50   Section        0  heap_4.o(.text)
    prvHeapInit                              0x08003eb5   Thumb Code    62  heap_4.o(.text)
    prvInsertBlockIntoFreeList               0x08003ef3   Thumb Code   108  heap_4.o(.text)
    .text                                    0x08003f6c   Section        2  use_no_semi_2.o(.text)
    .text                                    0x08003f6e   Section      138  rt_memcpy_v6.o(.text)
    .text                                    0x08003ff8   Section       68  rt_memclr.o(.text)
    .text                                    0x0800403c   Section       78  rt_memclr_w.o(.text)
    .text                                    0x0800408a   Section        0  heapauxi.o(.text)
    .text                                    0x08004090   Section        2  use_no_semi.o(.text)
    .text                                    0x08004092   Section      100  rt_memcpy_w.o(.text)
    .text                                    0x080040f6   Section       74  sys_stackheap_outer.o(.text)
    .text                                    0x08004140   Section        0  exit.o(.text)
    .text                                    0x08004154   Section        8  libspace.o(.text)
    .data                                    0x20000000   Section       12  main.o(.data)
    .data                                    0x2000000c   Section       20  system_stm32f10x.o(.data)
    .data                                    0x20000020   Section        2  usart.o(.data)
    .data                                    0x20000022   Section       20  stm32f10x_rcc.o(.data)
    ADCPrescTable                            0x20000022   Data           4  stm32f10x_rcc.o(.data)
    APBAHBPrescTable                         0x20000026   Data          16  stm32f10x_rcc.o(.data)
    .data                                    0x20000038   Section       64  tasks.o(.data)
    uxDeletedTasksWaitingCleanUp             0x2000003c   Data           4  tasks.o(.data)
    uxCurrentNumberOfTasks                   0x20000040   Data           4  tasks.o(.data)
    xTickCount                               0x20000044   Data           4  tasks.o(.data)
    uxTopReadyPriority                       0x20000048   Data           4  tasks.o(.data)
    xSchedulerRunning                        0x2000004c   Data           4  tasks.o(.data)
    xPendedTicks                             0x20000050   Data           4  tasks.o(.data)
    xYieldPendings                           0x20000054   Data           4  tasks.o(.data)
    xNumOfOverflows                          0x20000058   Data           4  tasks.o(.data)
    uxTaskNumber                             0x2000005c   Data           4  tasks.o(.data)
    xNextTaskUnblockTime                     0x20000060   Data           4  tasks.o(.data)
    uxTopUsedPriority                        0x20000064   Data           4  tasks.o(.data)
    uxSchedulerSuspended                     0x20000068   Data           4  tasks.o(.data)
    pxDelayedTaskList                        0x2000006c   Data           4  tasks.o(.data)
    pxOverflowDelayedTaskList                0x20000070   Data           4  tasks.o(.data)
    xIdleTaskHandles                         0x20000074   Data           4  tasks.o(.data)
    .data                                    0x20000078   Section       20  timers.o(.data)
    xTimerQueue                              0x20000078   Data           4  timers.o(.data)
    xTimerTaskHandle                         0x2000007c   Data           4  timers.o(.data)
    xLastTime                                0x20000080   Data           4  timers.o(.data)
    pxCurrentTimerList                       0x20000084   Data           4  timers.o(.data)
    pxOverflowTimerList                      0x20000088   Data           4  timers.o(.data)
    .data                                    0x2000008c   Section       12  port.o(.data)
    ucMaxSysCallPriority                     0x2000008c   Data           1  port.o(.data)
    uxCriticalNesting                        0x20000090   Data           4  port.o(.data)
    ulMaxPRIGROUPValue                       0x20000094   Data           4  port.o(.data)
    .data                                    0x20000098   Section       28  heap_4.o(.data)
    pxEnd                                    0x20000098   Data           4  heap_4.o(.data)
    xFreeBytesRemaining                      0x2000009c   Data           4  heap_4.o(.data)
    xMinimumEverFreeBytesRemaining           0x200000a0   Data           4  heap_4.o(.data)
    xNumberOfSuccessfulAllocations           0x200000a4   Data           4  heap_4.o(.data)
    xNumberOfSuccessfulFrees                 0x200000a8   Data           4  heap_4.o(.data)
    xStart                                   0x200000ac   Data           8  heap_4.o(.data)
    .bss                                     0x200000b4   Section      200  usart.o(.bss)
    .bss                                     0x2000017c   Section     1944  tasks.o(.bss)
    xIdleTaskTCB                             0x2000017c   Data          84  tasks.o(.bss)
    uxIdleTaskStack                          0x200001d0   Data         512  tasks.o(.bss)
    xTimerTaskTCB                            0x200003d0   Data          84  tasks.o(.bss)
    uxTimerTaskStack                         0x20000424   Data        1024  tasks.o(.bss)
    pxReadyTasksLists                        0x20000824   Data         140  tasks.o(.bss)
    xDelayedTaskList1                        0x200008b0   Data          20  tasks.o(.bss)
    xDelayedTaskList2                        0x200008c4   Data          20  tasks.o(.bss)
    xPendingReadyList                        0x200008d8   Data          20  tasks.o(.bss)
    xTasksWaitingTermination                 0x200008ec   Data          20  tasks.o(.bss)
    xSuspendedTaskList                       0x20000900   Data          20  tasks.o(.bss)
    .bss                                     0x20000914   Section      232  timers.o(.bss)
    xStaticTimerQueue                        0x20000914   Data          72  timers.o(.bss)
    ucStaticTimerQueueStorage                0x2000095c   Data         120  timers.o(.bss)
    xActiveTimerList1                        0x200009d4   Data          20  timers.o(.bss)
    xActiveTimerList2                        0x200009e8   Data          20  timers.o(.bss)
    .bss                                     0x200009fc   Section    20480  heap_4.o(.bss)
    ucHeap                                   0x200009fc   Data       20480  heap_4.o(.bss)
    .bss                                     0x200059fc   Section       96  libspace.o(.bss)
    HEAP                                     0x20005a60   Section      512  startup_stm32f10x_hd.o(HEAP)
    Heap_Mem                                 0x20005a60   Data         512  startup_stm32f10x_hd.o(HEAP)
    STACK                                    0x20005c60   Section     1024  startup_stm32f10x_hd.o(STACK)
    Stack_Mem                                0x20005c60   Data        1024  startup_stm32f10x_hd.o(STACK)
    __initial_sp                             0x20006060   Data           0  startup_stm32f10x_hd.o(STACK)

    Global Symbols

    Symbol Name                              Value     Ov Type        Size  Object(Section)

    BuildAttributes$$THM_ISAv4$P$D$K$B$S$PE$A:L22UL41UL21$X:L11$S22US41US21$IEEE1$IW$USESV6$~STKCKD$USESV7$~SHL$OSPACE$ROPI$EBA8$UX$STANDARDLIB$REQ8$PRES8$EABIv2 0x00000000   Number         0  anon$$obj.o ABSOLUTE
    __ARM_use_no_argv                        0x00000000   Number         0  main.o ABSOLUTE
    __ARM_exceptions_init                     - Undefined Weak Reference
    __alloca_initialize                       - Undefined Weak Reference
    __arm_fini_                               - Undefined Weak Reference
    __arm_preinit_                            - Undefined Weak Reference
    __cpp_initialize__aeabi_                  - Undefined Weak Reference
    __cxa_finalize                            - Undefined Weak Reference
    __rt_locale                               - Undefined Weak Reference
    __sigvec_lookup                           - Undefined Weak Reference
    _atexit_init                              - Undefined Weak Reference
    _call_atexit_fns                          - Undefined Weak Reference
    _clock_init                               - Undefined Weak Reference
    _fp_trap_init                             - Undefined Weak Reference
    _fp_trap_shutdown                         - Undefined Weak Reference
    _get_lc_collate                           - Undefined Weak Reference
    _get_lc_ctype                             - Undefined Weak Reference
    _get_lc_monetary                          - Undefined Weak Reference
    _get_lc_numeric                           - Undefined Weak Reference
    _get_lc_time                              - Undefined Weak Reference
    _getenv_init                              - Undefined Weak Reference
    _handle_redirection                       - Undefined Weak Reference
    _init_alloc                               - Undefined Weak Reference
    _init_user_alloc                          - Undefined Weak Reference
    _initio                                   - Undefined Weak Reference
    _rand_init                                - Undefined Weak Reference
    _signal_finish                            - Undefined Weak Reference
    _signal_init                              - Undefined Weak Reference
    _terminate_alloc                          - Undefined Weak Reference
    _terminate_user_alloc                     - Undefined Weak Reference
    _terminateio                              - Undefined Weak Reference
    __Vectors_Size                           0x00000130   Number         0  startup_stm32f10x_hd.o ABSOLUTE
    __Vectors                                0x08000000   Data           4  startup_stm32f10x_hd.o(RESET)
    __Vectors_End                            0x08000130   Data           0  startup_stm32f10x_hd.o(RESET)
    __main                                   0x08000131   Thumb Code     8  __main.o(!!!main)
    __scatterload                            0x08000139   Thumb Code     0  __scatter.o(!!!scatter)
    __scatterload_rt2                        0x08000139   Thumb Code    44  __scatter.o(!!!scatter)
    __scatterload_rt2_thumb_only             0x08000139   Thumb Code     0  __scatter.o(!!!scatter)
    __scatterload_null                       0x08000147   Thumb Code     0  __scatter.o(!!!scatter)
    __scatterload_copy                       0x0800016d   Thumb Code    26  __scatter_copy.o(!!handler_copy)
    __scatterload_zeroinit                   0x08000189   Thumb Code    28  __scatter_zi.o(!!handler_zi)
    __rt_lib_init                            0x080001a5   Thumb Code     0  libinit.o(.ARM.Collect$$libinit$$00000000)
    __rt_lib_init_alloca_1                   0x080001a7   Thumb Code     0  libinit2.o(.ARM.Collect$$libinit$$0000002E)
    __rt_lib_init_argv_1                     0x080001a7   Thumb Code     0  libinit2.o(.ARM.Collect$$libinit$$0000002C)
    __rt_lib_init_atexit_1                   0x080001a7   Thumb Code     0  libinit2.o(.ARM.Collect$$libinit$$0000001B)
    __rt_lib_init_clock_1                    0x080001a7   Thumb Code     0  libinit2.o(.ARM.Collect$$libinit$$00000021)
    __rt_lib_init_cpp_1                      0x080001a7   Thumb Code     0  libinit2.o(.ARM.Collect$$libinit$$00000032)
    __rt_lib_init_exceptions_1               0x080001a7   Thumb Code     0  libinit2.o(.ARM.Collect$$libinit$$00000030)
    __rt_lib_init_fp_1                       0x080001a7   Thumb Code     0  libinit2.o(.ARM.Collect$$libinit$$00000002)
    __rt_lib_init_fp_trap_1                  0x080001a7   Thumb Code     0  libinit2.o(.ARM.Collect$$libinit$$0000001F)
    __rt_lib_init_getenv_1                   0x080001a7   Thumb Code     0  libinit2.o(.ARM.Collect$$libinit$$00000023)
    __rt_lib_init_heap_1                     0x080001a7   Thumb Code     0  libinit2.o(.ARM.Collect$$libinit$$0000000A)
    __rt_lib_init_lc_collate_1               0x080001a7   Thumb Code     0  libinit2.o(.ARM.Collect$$libinit$$00000011)
    __rt_lib_init_lc_ctype_1                 0x080001a7   Thumb Code     0  libinit2.o(.ARM.Collect$$libinit$$00000013)
    __rt_lib_init_lc_monetary_1              0x080001a7   Thumb Code     0  libinit2.o(.ARM.Collect$$libinit$$00000015)
    __rt_lib_init_lc_numeric_1               0x080001a7   Thumb Code     0  libinit2.o(.ARM.Collect$$libinit$$00000017)
    __rt_lib_init_lc_time_1                  0x080001a7   Thumb Code     0  libinit2.o(.ARM.Collect$$libinit$$00000019)
    __rt_lib_init_preinit_1                  0x080001a7   Thumb Code     0  libinit2.o(.ARM.Collect$$libinit$$00000004)
    __rt_lib_init_rand_1                     0x080001a7   Thumb Code     0  libinit2.o(.ARM.Collect$$libinit$$0000000E)
    __rt_lib_init_return                     0x080001a7   Thumb Code     0  libinit2.o(.ARM.Collect$$libinit$$00000033)
    __rt_lib_init_signal_1                   0x080001a7   Thumb Code     0  libinit2.o(.ARM.Collect$$libinit$$0000001D)
    __rt_lib_init_stdio_1                    0x080001a7   Thumb Code     0  libinit2.o(.ARM.Collect$$libinit$$00000025)
    __rt_lib_init_user_alloc_1               0x080001a7   Thumb Code     0  libinit2.o(.ARM.Collect$$libinit$$0000000C)
    __rt_lib_shutdown                        0x080001a9   Thumb Code     0  libshutdown.o(.ARM.Collect$$libshutdown$$00000000)
    __rt_lib_shutdown_cpp_1                  0x080001ab   Thumb Code     0  libshutdown2.o(.ARM.Collect$$libshutdown$$00000004)
    __rt_lib_shutdown_fini_1                 0x080001ab   Thumb Code     0  libshutdown2.o(.ARM.Collect$$libshutdown$$00000002)
    __rt_lib_shutdown_fp_trap_1              0x080001ab   Thumb Code     0  libshutdown2.o(.ARM.Collect$$libshutdown$$00000009)
    __rt_lib_shutdown_heap_1                 0x080001ab   Thumb Code     0  libshutdown2.o(.ARM.Collect$$libshutdown$$00000011)
    __rt_lib_shutdown_return                 0x080001ab   Thumb Code     0  libshutdown2.o(.ARM.Collect$$libshutdown$$00000012)
    __rt_lib_shutdown_signal_1               0x080001ab   Thumb Code     0  libshutdown2.o(.ARM.Collect$$libshutdown$$0000000C)
    __rt_lib_shutdown_stdio_1                0x080001ab   Thumb Code     0  libshutdown2.o(.ARM.Collect$$libshutdown$$00000006)
    __rt_lib_shutdown_user_alloc_1           0x080001ab   Thumb Code     0  libshutdown2.o(.ARM.Collect$$libshutdown$$0000000E)
    __rt_entry                               0x080001ad   Thumb Code     0  __rtentry.o(.ARM.Collect$$rtentry$$00000000)
    __rt_entry_presh_1                       0x080001ad   Thumb Code     0  __rtentry2.o(.ARM.Collect$$rtentry$$00000002)
    __rt_entry_sh                            0x080001ad   Thumb Code     0  __rtentry4.o(.ARM.Collect$$rtentry$$00000004)
    __rt_entry_li                            0x080001b3   Thumb Code     0  __rtentry2.o(.ARM.Collect$$rtentry$$0000000A)
    __rt_entry_postsh_1                      0x080001b3   Thumb Code     0  __rtentry2.o(.ARM.Collect$$rtentry$$00000009)
    __rt_entry_main                          0x080001b7   Thumb Code     0  __rtentry2.o(.ARM.Collect$$rtentry$$0000000D)
    __rt_entry_postli_1                      0x080001b7   Thumb Code     0  __rtentry2.o(.ARM.Collect$$rtentry$$0000000C)
    __rt_exit                                0x080001bf   Thumb Code     0  rtexit.o(.ARM.Collect$$rtexit$$00000000)
    __rt_exit_ls                             0x080001c1   Thumb Code     0  rtexit2.o(.ARM.Collect$$rtexit$$00000003)
    __rt_exit_prels_1                        0x080001c1   Thumb Code     0  rtexit2.o(.ARM.Collect$$rtexit$$00000002)
    __rt_exit_exit                           0x080001c5   Thumb Code     0  rtexit2.o(.ARM.Collect$$rtexit$$00000004)
    SVC_Handler                              0x080001cd   Thumb Code    32  port.o(.emb_text)
    __asm___6_port_c_39a90d8d__prvStartFirstTask 0x080001f1   Thumb Code    28  port.o(.emb_text)
    PendSV_Handler                           0x08000211   Thumb Code    72  port.o(.emb_text)
    vPortGetIPSR                             0x0800025d   Thumb Code     6  port.o(.emb_text)
    led1_task                                0x08000265   Thumb Code    32  main.o(.text)
    led0_task                                0x08000285   Thumb Code    24  main.o(.text)
    start_task                               0x0800029d   Thumb Code    70  main.o(.text)
    main                                     0x080002e3   Thumb Code    50  main.o(.text)
    NMI_Handler                              0x08000345   Thumb Code     2  stm32f10x_it.o(.text)
    HardFault_Handler                        0x08000347   Thumb Code     2  stm32f10x_it.o(.text)
    MemManage_Handler                        0x08000349   Thumb Code     2  stm32f10x_it.o(.text)
    BusFault_Handler                         0x0800034b   Thumb Code     2  stm32f10x_it.o(.text)
    UsageFault_Handler                       0x0800034d   Thumb Code     2  stm32f10x_it.o(.text)
    DebugMon_Handler                         0x0800034f   Thumb Code     2  stm32f10x_it.o(.text)
    SystemInit                               0x080003f1   Thumb Code    64  system_stm32f10x.o(.text)
    SystemCoreClockUpdate                    0x08000431   Thumb Code    86  system_stm32f10x.o(.text)
    LED_Init                                 0x080004a9   Thumb Code    70  led.o(.text)
    delay_init                               0x080004f9   Thumb Code    50  delay.o(.text)
    _sys_exit                                0x08000535   Thumb Code     2  usart.o(.text)
    fputc                                    0x08000537   Thumb Code    18  usart.o(.text)
    uart_init                                0x08000549   Thumb Code   152  usart.o(.text)
    USART1_IRQHandler                        0x080005e1   Thumb Code    88  usart.o(.text)
    Reset_Handler                            0x08000649   Thumb Code     8  startup_stm32f10x_hd.o(.text)
    ADC1_2_IRQHandler                        0x08000663   Thumb Code     0  startup_stm32f10x_hd.o(.text)
    ADC3_IRQHandler                          0x08000663   Thumb Code     0  startup_stm32f10x_hd.o(.text)
    CAN1_RX1_IRQHandler                      0x08000663   Thumb Code     0  startup_stm32f10x_hd.o(.text)
    CAN1_SCE_IRQHandler                      0x08000663   Thumb Code     0  startup_stm32f10x_hd.o(.text)
    DMA1_Channel1_IRQHandler                 0x08000663   Thumb Code     0  startup_stm32f10x_hd.o(.text)
    DMA1_Channel2_IRQHandler                 0x08000663   Thumb Code     0  startup_stm32f10x_hd.o(.text)
    DMA1_Channel3_IRQHandler                 0x08000663   Thumb Code     0  startup_stm32f10x_hd.o(.text)
    DMA1_Channel4_IRQHandler                 0x08000663   Thumb Code     0  startup_stm32f10x_hd.o(.text)
    DMA1_Channel5_IRQHandler                 0x08000663   Thumb Code     0  startup_stm32f10x_hd.o(.text)
    DMA1_Channel6_IRQHandler                 0x08000663   Thumb Code     0  startup_stm32f10x_hd.o(.text)
    DMA1_Channel7_IRQHandler                 0x08000663   Thumb Code     0  startup_stm32f10x_hd.o(.text)
    DMA2_Channel1_IRQHandler                 0x08000663   Thumb Code     0  startup_stm32f10x_hd.o(.text)
    DMA2_Channel2_IRQHandler                 0x08000663   Thumb Code     0  startup_stm32f10x_hd.o(.text)
    DMA2_Channel3_IRQHandler                 0x08000663   Thumb Code     0  startup_stm32f10x_hd.o(.text)
    DMA2_Channel4_5_IRQHandler               0x08000663   Thumb Code     0  startup_stm32f10x_hd.o(.text)
    EXTI0_IRQHandler                         0x08000663   Thumb Code     0  startup_stm32f10x_hd.o(.text)
    EXTI15_10_IRQHandler                     0x08000663   Thumb Code     0  startup_stm32f10x_hd.o(.text)
    EXTI1_IRQHandler                         0x08000663   Thumb Code     0  startup_stm32f10x_hd.o(.text)
    EXTI2_IRQHandler                         0x08000663   Thumb Code     0  startup_stm32f10x_hd.o(.text)
    EXTI3_IRQHandler                         0x08000663   Thumb Code     0  startup_stm32f10x_hd.o(.text)
    EXTI4_IRQHandler                         0x08000663   Thumb Code     0  startup_stm32f10x_hd.o(.text)
    EXTI9_5_IRQHandler                       0x08000663   Thumb Code     0  startup_stm32f10x_hd.o(.text)
    FLASH_IRQHandler                         0x08000663   Thumb Code     0  startup_stm32f10x_hd.o(.text)
    FSMC_IRQHandler                          0x08000663   Thumb Code     0  startup_stm32f10x_hd.o(.text)
    I2C1_ER_IRQHandler                       0x08000663   Thumb Code     0  startup_stm32f10x_hd.o(.text)
    I2C1_EV_IRQHandler                       0x08000663   Thumb Code     0  startup_stm32f10x_hd.o(.text)
    I2C2_ER_IRQHandler                       0x08000663   Thumb Code     0  startup_stm32f10x_hd.o(.text)
    I2C2_EV_IRQHandler                       0x08000663   Thumb Code     0  startup_stm32f10x_hd.o(.text)
    PVD_IRQHandler                           0x08000663   Thumb Code     0  startup_stm32f10x_hd.o(.text)
    RCC_IRQHandler                           0x08000663   Thumb Code     0  startup_stm32f10x_hd.o(.text)
    RTCAlarm_IRQHandler                      0x08000663   Thumb Code     0  startup_stm32f10x_hd.o(.text)
    RTC_IRQHandler                           0x08000663   Thumb Code     0  startup_stm32f10x_hd.o(.text)
    SDIO_IRQHandler                          0x08000663   Thumb Code     0  startup_stm32f10x_hd.o(.text)
    SPI1_IRQHandler                          0x08000663   Thumb Code     0  startup_stm32f10x_hd.o(.text)
    SPI2_IRQHandler                          0x08000663   Thumb Code     0  startup_stm32f10x_hd.o(.text)
    SPI3_IRQHandler                          0x08000663   Thumb Code     0  startup_stm32f10x_hd.o(.text)
    TAMPER_IRQHandler                        0x08000663   Thumb Code     0  startup_stm32f10x_hd.o(.text)
    TIM1_BRK_IRQHandler                      0x08000663   Thumb Code     0  startup_stm32f10x_hd.o(.text)
    TIM1_CC_IRQHandler                       0x08000663   Thumb Code     0  startup_stm32f10x_hd.o(.text)
    TIM1_TRG_COM_IRQHandler                  0x08000663   Thumb Code     0  startup_stm32f10x_hd.o(.text)
    TIM1_UP_IRQHandler                       0x08000663   Thumb Code     0  startup_stm32f10x_hd.o(.text)
    TIM2_IRQHandler                          0x08000663   Thumb Code     0  startup_stm32f10x_hd.o(.text)
    TIM3_IRQHandler                          0x08000663   Thumb Code     0  startup_stm32f10x_hd.o(.text)
    TIM4_IRQHandler                          0x08000663   Thumb Code     0  startup_stm32f10x_hd.o(.text)
    TIM5_IRQHandler                          0x08000663   Thumb Code     0  startup_stm32f10x_hd.o(.text)
    TIM6_IRQHandler                          0x08000663   Thumb Code     0  startup_stm32f10x_hd.o(.text)
    TIM7_IRQHandler                          0x08000663   Thumb Code     0  startup_stm32f10x_hd.o(.text)
    TIM8_BRK_IRQHandler                      0x08000663   Thumb Code     0  startup_stm32f10x_hd.o(.text)
    TIM8_CC_IRQHandler                       0x08000663   Thumb Code     0  startup_stm32f10x_hd.o(.text)
    TIM8_TRG_COM_IRQHandler                  0x08000663   Thumb Code     0  startup_stm32f10x_hd.o(.text)
    TIM8_UP_IRQHandler                       0x08000663   Thumb Code     0  startup_stm32f10x_hd.o(.text)
    UART4_IRQHandler                         0x08000663   Thumb Code     0  startup_stm32f10x_hd.o(.text)
    UART5_IRQHandler                         0x08000663   Thumb Code     0  startup_stm32f10x_hd.o(.text)
    USART2_IRQHandler                        0x08000663   Thumb Code     0  startup_stm32f10x_hd.o(.text)
    USART3_IRQHandler                        0x08000663   Thumb Code     0  startup_stm32f10x_hd.o(.text)
    USBWakeUp_IRQHandler                     0x08000663   Thumb Code     0  startup_stm32f10x_hd.o(.text)
    USB_HP_CAN1_TX_IRQHandler                0x08000663   Thumb Code     0  startup_stm32f10x_hd.o(.text)
    USB_LP_CAN1_RX0_IRQHandler               0x08000663   Thumb Code     0  startup_stm32f10x_hd.o(.text)
    WWDG_IRQHandler                          0x08000663   Thumb Code     0  startup_stm32f10x_hd.o(.text)
    __user_initial_stackheap                 0x08000665   Thumb Code     0  startup_stm32f10x_hd.o(.text)
    NVIC_PriorityGroupConfig                 0x08000689   Thumb Code    10  misc.o(.text)
    NVIC_Init                                0x08000693   Thumb Code    94  misc.o(.text)
    NVIC_SetVectorTable                      0x080006f1   Thumb Code    14  misc.o(.text)
    NVIC_SystemLPConfig                      0x080006ff   Thumb Code    20  misc.o(.text)
    SysTick_CLKSourceConfig                  0x08000713   Thumb Code    24  misc.o(.text)
    GPIO_DeInit                              0x08000739   Thumb Code   152  stm32f10x_gpio.o(.text)
    GPIO_AFIODeInit                          0x080007d1   Thumb Code    22  stm32f10x_gpio.o(.text)
    GPIO_Init                                0x080007e7   Thumb Code   156  stm32f10x_gpio.o(.text)
    GPIO_StructInit                          0x08000883   Thumb Code    16  stm32f10x_gpio.o(.text)
    GPIO_ReadInputDataBit                    0x08000893   Thumb Code    14  stm32f10x_gpio.o(.text)
    GPIO_ReadInputData                       0x080008a1   Thumb Code     6  stm32f10x_gpio.o(.text)
    GPIO_ReadOutputDataBit                   0x080008a7   Thumb Code    14  stm32f10x_gpio.o(.text)
    GPIO_ReadOutputData                      0x080008b5   Thumb Code     6  stm32f10x_gpio.o(.text)
    GPIO_SetBits                             0x080008bb   Thumb Code     4  stm32f10x_gpio.o(.text)
    GPIO_ResetBits                           0x080008bf   Thumb Code     4  stm32f10x_gpio.o(.text)
    GPIO_WriteBit                            0x080008c3   Thumb Code    10  stm32f10x_gpio.o(.text)
    GPIO_Write                               0x080008cd   Thumb Code     4  stm32f10x_gpio.o(.text)
    GPIO_PinLockConfig                       0x080008d1   Thumb Code    16  stm32f10x_gpio.o(.text)
    GPIO_EventOutputConfig                   0x080008e1   Thumb Code    22  stm32f10x_gpio.o(.text)
    GPIO_EventOutputCmd                      0x080008f7   Thumb Code     6  stm32f10x_gpio.o(.text)
    GPIO_PinRemapConfig                      0x080008fd   Thumb Code    82  stm32f10x_gpio.o(.text)
    GPIO_EXTILineConfig                      0x0800094f   Thumb Code    34  stm32f10x_gpio.o(.text)
    GPIO_ETH_MediaInterfaceConfig            0x08000971   Thumb Code     8  stm32f10x_gpio.o(.text)
    RCC_DeInit                               0x0800099d   Thumb Code    50  stm32f10x_rcc.o(.text)
    RCC_HSEConfig                            0x080009cf   Thumb Code    48  stm32f10x_rcc.o(.text)
    RCC_GetFlagStatus                        0x080009ff   Thumb Code    42  stm32f10x_rcc.o(.text)
    RCC_WaitForHSEStartUp                    0x08000a29   Thumb Code    44  stm32f10x_rcc.o(.text)
    RCC_AdjustHSICalibrationValue            0x08000a55   Thumb Code    16  stm32f10x_rcc.o(.text)
    RCC_HSICmd                               0x08000a65   Thumb Code     6  stm32f10x_rcc.o(.text)
    RCC_PLLConfig                            0x08000a6b   Thumb Code    16  stm32f10x_rcc.o(.text)
    RCC_PLLCmd                               0x08000a7b   Thumb Code     6  stm32f10x_rcc.o(.text)
    RCC_SYSCLKConfig                         0x08000a81   Thumb Code    14  stm32f10x_rcc.o(.text)
    RCC_GetSYSCLKSource                      0x08000a8f   Thumb Code    10  stm32f10x_rcc.o(.text)
    RCC_HCLKConfig                           0x08000a99   Thumb Code    14  stm32f10x_rcc.o(.text)
    RCC_PCLK1Config                          0x08000aa7   Thumb Code    14  stm32f10x_rcc.o(.text)
    RCC_PCLK2Config                          0x08000ab5   Thumb Code    16  stm32f10x_rcc.o(.text)
    RCC_ITConfig                             0x08000ac5   Thumb Code    18  stm32f10x_rcc.o(.text)
    RCC_USBCLKConfig                         0x08000ad7   Thumb Code     8  stm32f10x_rcc.o(.text)
    RCC_ADCCLKConfig                         0x08000adf   Thumb Code    14  stm32f10x_rcc.o(.text)
    RCC_LSEConfig                            0x08000aed   Thumb Code    28  stm32f10x_rcc.o(.text)
    RCC_LSICmd                               0x08000b09   Thumb Code     6  stm32f10x_rcc.o(.text)
    RCC_RTCCLKConfig                         0x08000b0f   Thumb Code    10  stm32f10x_rcc.o(.text)
    RCC_RTCCLKCmd                            0x08000b19   Thumb Code     8  stm32f10x_rcc.o(.text)
    RCC_GetClocksFreq                        0x08000b21   Thumb Code   132  stm32f10x_rcc.o(.text)
    RCC_AHBPeriphClockCmd                    0x08000ba5   Thumb Code    18  stm32f10x_rcc.o(.text)
    RCC_APB2PeriphClockCmd                   0x08000bb7   Thumb Code    18  stm32f10x_rcc.o(.text)
    RCC_APB1PeriphClockCmd                   0x08000bc9   Thumb Code    18  stm32f10x_rcc.o(.text)
    RCC_APB2PeriphResetCmd                   0x08000bdb   Thumb Code    18  stm32f10x_rcc.o(.text)
    RCC_APB1PeriphResetCmd                   0x08000bed   Thumb Code    18  stm32f10x_rcc.o(.text)
    RCC_BackupResetCmd                       0x08000bff   Thumb Code     8  stm32f10x_rcc.o(.text)
    RCC_ClockSecuritySystemCmd               0x08000c07   Thumb Code     6  stm32f10x_rcc.o(.text)
    RCC_MCOConfig                            0x08000c0d   Thumb Code     6  stm32f10x_rcc.o(.text)
    RCC_ClearFlag                            0x08000c13   Thumb Code    12  stm32f10x_rcc.o(.text)
    RCC_GetITStatus                          0x08000c1f   Thumb Code    16  stm32f10x_rcc.o(.text)
    RCC_ClearITPendingBit                    0x08000c2f   Thumb Code     6  stm32f10x_rcc.o(.text)
    USART_DeInit                             0x08000c55   Thumb Code    96  stm32f10x_usart.o(.text)
    USART_Init                               0x08000cb5   Thumb Code   166  stm32f10x_usart.o(.text)
    USART_StructInit                         0x08000d5b   Thumb Code    22  stm32f10x_usart.o(.text)
    USART_ClockInit                          0x08000d71   Thumb Code    30  stm32f10x_usart.o(.text)
    USART_ClockStructInit                    0x08000d8f   Thumb Code    12  stm32f10x_usart.o(.text)
    USART_Cmd                                0x08000d9b   Thumb Code    20  stm32f10x_usart.o(.text)
    USART_ITConfig                           0x08000daf   Thumb Code    48  stm32f10x_usart.o(.text)
    USART_DMACmd                             0x08000ddf   Thumb Code    16  stm32f10x_usart.o(.text)
    USART_SetAddress                         0x08000def   Thumb Code    16  stm32f10x_usart.o(.text)
    USART_WakeUpConfig                       0x08000dff   Thumb Code    16  stm32f10x_usart.o(.text)
    USART_ReceiverWakeUpCmd                  0x08000e0f   Thumb Code    20  stm32f10x_usart.o(.text)
    USART_LINBreakDetectLengthConfig         0x08000e23   Thumb Code    16  stm32f10x_usart.o(.text)
    USART_LINCmd                             0x08000e33   Thumb Code    20  stm32f10x_usart.o(.text)
    USART_SendData                           0x08000e47   Thumb Code     8  stm32f10x_usart.o(.text)
    USART_ReceiveData                        0x08000e4f   Thumb Code     8  stm32f10x_usart.o(.text)
    USART_SendBreak                          0x08000e57   Thumb Code    10  stm32f10x_usart.o(.text)
    USART_SetGuardTime                       0x08000e61   Thumb Code    16  stm32f10x_usart.o(.text)
    USART_SetPrescaler                       0x08000e71   Thumb Code    16  stm32f10x_usart.o(.text)
    USART_SmartCardCmd                       0x08000e81   Thumb Code    20  stm32f10x_usart.o(.text)
    USART_SmartCardNACKCmd                   0x08000e95   Thumb Code    20  stm32f10x_usart.o(.text)
    USART_HalfDuplexCmd                      0x08000ea9   Thumb Code    20  stm32f10x_usart.o(.text)
    USART_OverSampling8Cmd                   0x08000ebd   Thumb Code    20  stm32f10x_usart.o(.text)
    USART_OneBitMethodCmd                    0x08000ed1   Thumb Code    20  stm32f10x_usart.o(.text)
    USART_IrDAConfig                         0x08000ee5   Thumb Code    16  stm32f10x_usart.o(.text)
    USART_IrDACmd                            0x08000ef5   Thumb Code    20  stm32f10x_usart.o(.text)
    USART_GetFlagStatus                      0x08000f09   Thumb Code    14  stm32f10x_usart.o(.text)
    USART_ClearFlag                          0x08000f17   Thumb Code     6  stm32f10x_usart.o(.text)
    USART_GetITStatus                        0x08000f1d   Thumb Code    62  stm32f10x_usart.o(.text)
    USART_ClearITPendingBit                  0x08000f5b   Thumb Code    12  stm32f10x_usart.o(.text)
    vListInitialise                          0x08000f7d   Thumb Code    22  list.o(.text)
    vListInitialiseItem                      0x08000f93   Thumb Code     6  list.o(.text)
    vListInsertEnd                           0x08000f99   Thumb Code    24  list.o(.text)
    vListInsert                              0x08000fb1   Thumb Code    48  list.o(.text)
    uxListRemove                             0x08000fe1   Thumb Code    36  list.o(.text)
    xQueueGenericReset                       0x08001005   Thumb Code   170  queue.o(.text)
    xQueueGenericCreateStatic                0x080010af   Thumb Code    70  queue.o(.text)
    xQueueGenericGetStaticBuffers            0x080010f5   Thumb Code    60  queue.o(.text)
    xQueueGenericCreate                      0x08001131   Thumb Code    84  queue.o(.text)
    xQueueGenericSend                        0x08001259   Thumb Code   350  queue.o(.text)
    xQueueCreateMutex                        0x080013b7   Thumb Code    22  queue.o(.text)
    xQueueCreateMutexStatic                  0x080013cd   Thumb Code    26  queue.o(.text)
    xQueueGiveMutexRecursive                 0x080013e7   Thumb Code    62  queue.o(.text)
    xQueueSemaphoreTake                      0x08001425   Thumb Code   360  queue.o(.text)
    xQueueTakeMutexRecursive                 0x0800158d   Thumb Code    64  queue.o(.text)
    xQueueCreateCountingSemaphoreStatic      0x080015cd   Thumb Code    48  queue.o(.text)
    xQueueCreateCountingSemaphore            0x080015fd   Thumb Code    42  queue.o(.text)
    xQueueGenericSendFromISR                 0x08001627   Thumb Code   218  queue.o(.text)
    xQueueGiveFromISR                        0x08001701   Thumb Code   186  queue.o(.text)
    xQueueReceive                            0x080017e1   Thumb Code   306  queue.o(.text)
    xQueuePeek                               0x08001913   Thumb Code   304  queue.o(.text)
    xQueueReceiveFromISR                     0x08001a43   Thumb Code   180  queue.o(.text)
    xQueuePeekFromISR                        0x08001af7   Thumb Code   114  queue.o(.text)
    uxQueueMessagesWaiting                   0x08001b69   Thumb Code    36  queue.o(.text)
    uxQueueSpacesAvailable                   0x08001b8d   Thumb Code    40  queue.o(.text)
    uxQueueMessagesWaitingFromISR            0x08001bb5   Thumb Code    22  queue.o(.text)
    vQueueDelete                             0x08001bcb   Thumb Code    32  queue.o(.text)
    uxQueueGetQueueItemSize                  0x08001beb   Thumb Code     4  queue.o(.text)
    uxQueueGetQueueLength                    0x08001bef   Thumb Code     4  queue.o(.text)
    xQueueIsQueueEmptyFromISR                0x08001bf3   Thumb Code    30  queue.o(.text)
    xQueueIsQueueFullFromISR                 0x08001c11   Thumb Code    34  queue.o(.text)
    vQueueWaitForMessageRestricted           0x08001c33   Thumb Code    68  queue.o(.text)
    xTaskCreateStatic                        0x08001e35   Thumb Code    36  tasks.o(.text)
    xTaskCreate                              0x08001e59   Thumb Code   104  tasks.o(.text)
    vTaskDelete                              0x08001ef5   Thumb Code   150  tasks.o(.text)
    xTaskIncrementTick                       0x08001f8b   Thumb Code   286  tasks.o(.text)
    xTaskResumeAll                           0x080020a9   Thumb Code   322  tasks.o(.text)
    vTaskSuspendAll                          0x0800225f   Thumb Code    10  tasks.o(.text)
    xTaskDelayUntil                          0x08002269   Thumb Code   138  tasks.o(.text)
    vTaskDelay                               0x080022f3   Thumb Code    68  tasks.o(.text)
    uxTaskPriorityGet                        0x08002337   Thumb Code    24  tasks.o(.text)
    uxTaskPriorityGetFromISR                 0x0800234f   Thumb Code    40  tasks.o(.text)
    uxTaskBasePriorityGet                    0x08002377   Thumb Code    24  tasks.o(.text)
    uxTaskBasePriorityGetFromISR             0x0800238f   Thumb Code    40  tasks.o(.text)
    vTaskPrioritySet                         0x080023b7   Thumb Code   204  tasks.o(.text)
    vTaskSwitchContext                       0x08002483   Thumb Code    98  tasks.o(.text)
    vTaskSuspend                             0x080024e5   Thumb Code   152  tasks.o(.text)
    vTaskResume                              0x080025cd   Thumb Code   148  tasks.o(.text)
    xTaskResumeFromISR                       0x08002661   Thumb Code   172  tasks.o(.text)
    vApplicationGetIdleTaskMemory            0x0800270d   Thumb Code    16  tasks.o(.text)
    vTaskStartScheduler                      0x08002771   Thumb Code    78  tasks.o(.text)
    vTaskEndScheduler                        0x080027bf   Thumb Code    62  tasks.o(.text)
    xTaskGetTickCount                        0x080027fd   Thumb Code     6  tasks.o(.text)
    xTaskGetTickCountFromISR                 0x08002803   Thumb Code    12  tasks.o(.text)
    uxTaskGetNumberOfTasks                   0x0800280f   Thumb Code     6  tasks.o(.text)
    pcTaskGetName                            0x08002815   Thumb Code    28  tasks.o(.text)
    xTaskGetStaticBuffers                    0x08002831   Thumb Code    78  tasks.o(.text)
    xTaskCatchUpTicks                        0x0800287f   Thumb Code    52  tasks.o(.text)
    vTaskPlaceOnEventList                    0x080028b3   Thumb Code    42  tasks.o(.text)
    vTaskPlaceOnUnorderedEventList           0x080028dd   Thumb Code    94  tasks.o(.text)
    vTaskPlaceOnEventListRestricted          0x0800293b   Thumb Code    74  tasks.o(.text)
    xTaskRemoveFromEventList                 0x08002985   Thumb Code   228  tasks.o(.text)
    vTaskRemoveFromUnorderedEventList        0x08002a69   Thumb Code   200  tasks.o(.text)
    vTaskSetTimeOutState                     0x08002b31   Thumb Code    46  tasks.o(.text)
    vTaskInternalSetTimeOutState             0x08002b5f   Thumb Code    14  tasks.o(.text)
    xTaskCheckForTimeOut                     0x08002b6d   Thumb Code   118  tasks.o(.text)
    vTaskMissedYield                         0x08002be3   Thumb Code     8  tasks.o(.text)
    xTaskGetCurrentTaskHandle                0x08002beb   Thumb Code     8  tasks.o(.text)
    xTaskGetCurrentTaskHandleForCore         0x08002bf3   Thumb Code    16  tasks.o(.text)
    xTaskGetSchedulerState                   0x08002c03   Thumb Code    24  tasks.o(.text)
    xTaskPriorityInherit                     0x08002c1b   Thumb Code   154  tasks.o(.text)
    xTaskPriorityDisinherit                  0x08002cb5   Thumb Code   158  tasks.o(.text)
    vTaskPriorityDisinheritAfterTimeout      0x08002d53   Thumb Code   180  tasks.o(.text)
    uxTaskResetEventItemValue                0x08002e07   Thumb Code    20  tasks.o(.text)
    pvTaskIncrementMutexHeldCount            0x08002e1b   Thumb Code    16  tasks.o(.text)
    ulTaskGenericNotifyTake                  0x08002e2b   Thumb Code   134  tasks.o(.text)
    xTaskGenericNotifyWait                   0x08002eb1   Thumb Code   172  tasks.o(.text)
    xTaskGenericNotify                       0x08002f5d   Thumb Code   290  tasks.o(.text)
    xTaskGenericNotifyFromISR                0x0800307f   Thumb Code   374  tasks.o(.text)
    vTaskGenericNotifyGiveFromISR            0x080031f5   Thumb Code   270  tasks.o(.text)
    xTaskGenericNotifyStateClear             0x08003303   Thumb Code    62  tasks.o(.text)
    ulTaskGenericNotifyValueClear            0x08003341   Thumb Code    52  tasks.o(.text)
    vApplicationGetTimerTaskMemory           0x08003375   Thumb Code    18  tasks.o(.text)
    vTaskResetState                          0x08003387   Thumb Code    44  tasks.o(.text)
    xTimerCreateTimerTask                    0x0800369d   Thumb Code    78  timers.o(.text)
    xTimerCreate                             0x08003735   Thumb Code    52  timers.o(.text)
    xTimerCreateStatic                       0x08003769   Thumb Code    46  timers.o(.text)
    xTimerGenericCommandFromTask             0x08003797   Thumb Code    92  timers.o(.text)
    xTimerGenericCommandFromISR              0x080037f3   Thumb Code    76  timers.o(.text)
    xTimerGetTimerDaemonTaskHandle           0x0800383f   Thumb Code    26  timers.o(.text)
    xTimerGetPeriod                          0x08003859   Thumb Code    22  timers.o(.text)
    vTimerSetReloadMode                      0x0800386f   Thumb Code    76  timers.o(.text)
    xTimerGetReloadMode                      0x080038bb   Thumb Code    48  timers.o(.text)
    uxTimerGetReloadMode                     0x080038eb   Thumb Code     2  timers.o(.text)
    xTimerGetExpiryTime                      0x080038ed   Thumb Code    22  timers.o(.text)
    xTimerGetStaticBuffer                    0x08003903   Thumb Code    36  timers.o(.text)
    pcTimerGetName                           0x08003927   Thumb Code    22  timers.o(.text)
    xTimerIsTimerActive                      0x0800393d   Thumb Code    48  timers.o(.text)
    pvTimerGetTimerID                        0x0800396d   Thumb Code    36  timers.o(.text)
    vTimerSetTimerID                         0x08003991   Thumb Code    38  timers.o(.text)
    vTimerResetState                         0x080039b7   Thumb Code    10  timers.o(.text)
    pxPortInitialiseStack                    0x08003a79   Thumb Code    32  port.o(.text)
    vPortSetupTimerInterrupt                 0x08003a99   Thumb Code    22  port.o(.text)
    xPortStartScheduler                      0x08003aaf   Thumb Code   166  port.o(.text)
    vPortEndScheduler                        0x08003b55   Thumb Code    28  port.o(.text)
    vPortEnterCritical                       0x08003b71   Thumb Code    56  port.o(.text)
    vPortExitCritical                        0x08003ba9   Thumb Code    34  port.o(.text)
    SysTick_Handler                          0x08003bcb   Thumb Code    40  port.o(.text)
    vPortValidateInterruptPriority           0x08003bf3   Thumb Code    76  port.o(.text)
    pvPortMalloc                             0x08003c51   Thumb Code   306  heap_4.o(.text)
    vPortFree                                0x08003d83   Thumb Code   136  heap_4.o(.text)
    xPortGetFreeHeapSize                     0x08003e0b   Thumb Code     6  heap_4.o(.text)
    xPortGetMinimumEverFreeHeapSize          0x08003e11   Thumb Code     6  heap_4.o(.text)
    vPortInitialiseBlocks                    0x08003e17   Thumb Code     2  heap_4.o(.text)
    pvPortCalloc                             0x08003e19   Thumb Code    38  heap_4.o(.text)
    vPortGetHeapStats                        0x08003e3f   Thumb Code   102  heap_4.o(.text)
    vPortHeapResetState                      0x08003ea5   Thumb Code    16  heap_4.o(.text)
    __use_no_semihosting                     0x08003f6d   Thumb Code     2  use_no_semi_2.o(.text)
    __aeabi_memcpy                           0x08003f6f   Thumb Code     0  rt_memcpy_v6.o(.text)
    __rt_memcpy                              0x08003f6f   Thumb Code   138  rt_memcpy_v6.o(.text)
    _memcpy_lastbytes                        0x08003fd5   Thumb Code     0  rt_memcpy_v6.o(.text)
    __aeabi_memclr                           0x08003ff9   Thumb Code     0  rt_memclr.o(.text)
    __rt_memclr                              0x08003ff9   Thumb Code    68  rt_memclr.o(.text)
    _memset                                  0x08003ffd   Thumb Code     0  rt_memclr.o(.text)
    __aeabi_memclr4                          0x0800403d   Thumb Code     0  rt_memclr_w.o(.text)
    __aeabi_memclr8                          0x0800403d   Thumb Code     0  rt_memclr_w.o(.text)
    __rt_memclr_w                            0x0800403d   Thumb Code    78  rt_memclr_w.o(.text)
    _memset_w                                0x08004041   Thumb Code     0  rt_memclr_w.o(.text)
    __use_two_region_memory                  0x0800408b   Thumb Code     2  heapauxi.o(.text)
    __rt_heap_escrow$2region                 0x0800408d   Thumb Code     2  heapauxi.o(.text)
    __rt_heap_expand$2region                 0x0800408f   Thumb Code     2  heapauxi.o(.text)
    __I$use$semihosting                      0x08004091   Thumb Code     0  use_no_semi.o(.text)
    __use_no_semihosting_swi                 0x08004091   Thumb Code     2  use_no_semi.o(.text)
    __aeabi_memcpy4                          0x08004093   Thumb Code     0  rt_memcpy_w.o(.text)
    __aeabi_memcpy8                          0x08004093   Thumb Code     0  rt_memcpy_w.o(.text)
    __rt_memcpy_w                            0x08004093   Thumb Code   100  rt_memcpy_w.o(.text)
    _memcpy_lastbytes_aligned                0x080040db   Thumb Code     0  rt_memcpy_w.o(.text)
    __user_setup_stackheap                   0x080040f7   Thumb Code    74  sys_stackheap_outer.o(.text)
    exit                                     0x08004141   Thumb Code    18  exit.o(.text)
    __user_libspace                          0x08004155   Thumb Code     8  libspace.o(.text)
    __user_perproc_libspace                  0x08004155   Thumb Code     0  libspace.o(.text)
    __user_perthread_libspace                0x08004155   Thumb Code     0  libspace.o(.text)
    Region$$Table$$Base                      0x0800415c   Number         0  anon$$obj.o(Region$$Table)
    Region$$Table$$Limit                     0x0800417c   Number         0  anon$$obj.o(Region$$Table)
    StartTask_Handler                        0x20000000   Data           4  main.o(.data)
    LED0Task_Handler                         0x20000004   Data           4  main.o(.data)
    LED1Task_Handler                         0x20000008   Data           4  main.o(.data)
    SystemCoreClock                          0x2000000c   Data           4  system_stm32f10x.o(.data)
    AHBPrescTable                            0x20000010   Data          16  system_stm32f10x.o(.data)
    USART_RX_STA                             0x20000020   Data           2  usart.o(.data)
    pxCurrentTCB                             0x20000038   Data           4  tasks.o(.data)
    USART_RX_BUF                             0x200000b4   Data         200  usart.o(.bss)
    __libspace_start                         0x200059fc   Data          96  libspace.o(.bss)
    __temporary_stack_top$libspace           0x20005a5c   Data           0  libspace.o(.bss)



==============================================================================

Memory Map of the image

  Image Entry point : 0x08000131

  Load Region LR_IROM1 (Base: 0x08000000, Size: 0x00004230, Max: 0x00040000, ABSOLUTE)

    Execution Region ER_IROM1 (Exec base: 0x08000000, Load base: 0x08000000, Size: 0x0000417c, Max: 0x00040000, ABSOLUTE)

    Exec Addr    Load Addr    Size         Type   Attr      Idx    E Section Name        Object

    0x08000000   0x08000000   0x00000130   Data   RO          288    RESET               startup_stm32f10x_hd.o
    0x08000130   0x08000130   0x00000008   Code   RO          538  * !!!main             c_w.l(__main.o)
    0x08000138   0x08000138   0x00000034   Code   RO          697    !!!scatter          c_w.l(__scatter.o)
    0x0800016c   0x0800016c   0x0000001a   Code   RO          699    !!handler_copy      c_w.l(__scatter_copy.o)
    0x08000186   0x08000186   0x00000002   PAD
    0x08000188   0x08000188   0x0000001c   Code   RO          701    !!handler_zi        c_w.l(__scatter_zi.o)
    0x080001a4   0x080001a4   0x00000002   Code   RO          569    .ARM.Collect$$libinit$$00000000  c_w.l(libinit.o)
    0x080001a6   0x080001a6   0x00000000   Code   RO          576    .ARM.Collect$$libinit$$00000002  c_w.l(libinit2.o)
    0x080001a6   0x080001a6   0x00000000   Code   RO          578    .ARM.Collect$$libinit$$00000004  c_w.l(libinit2.o)
    0x080001a6   0x080001a6   0x00000000   Code   RO          581    .ARM.Collect$$libinit$$0000000A  c_w.l(libinit2.o)
    0x080001a6   0x080001a6   0x00000000   Code   RO          583    .ARM.Collect$$libinit$$0000000C  c_w.l(libinit2.o)
    0x080001a6   0x080001a6   0x00000000   Code   RO          585    .ARM.Collect$$libinit$$0000000E  c_w.l(libinit2.o)
    0x080001a6   0x080001a6   0x00000000   Code   RO          588    .ARM.Collect$$libinit$$00000011  c_w.l(libinit2.o)
    0x080001a6   0x080001a6   0x00000000   Code   RO          590    .ARM.Collect$$libinit$$00000013  c_w.l(libinit2.o)
    0x080001a6   0x080001a6   0x00000000   Code   RO          592    .ARM.Collect$$libinit$$00000015  c_w.l(libinit2.o)
    0x080001a6   0x080001a6   0x00000000   Code   RO          594    .ARM.Collect$$libinit$$00000017  c_w.l(libinit2.o)
    0x080001a6   0x080001a6   0x00000000   Code   RO          596    .ARM.Collect$$libinit$$00000019  c_w.l(libinit2.o)
    0x080001a6   0x080001a6   0x00000000   Code   RO          598    .ARM.Collect$$libinit$$0000001B  c_w.l(libinit2.o)
    0x080001a6   0x080001a6   0x00000000   Code   RO          600    .ARM.Collect$$libinit$$0000001D  c_w.l(libinit2.o)
    0x080001a6   0x080001a6   0x00000000   Code   RO          602    .ARM.Collect$$libinit$$0000001F  c_w.l(libinit2.o)
    0x080001a6   0x080001a6   0x00000000   Code   RO          604    .ARM.Collect$$libinit$$00000021  c_w.l(libinit2.o)
    0x080001a6   0x080001a6   0x00000000   Code   RO          606    .ARM.Collect$$libinit$$00000023  c_w.l(libinit2.o)
    0x080001a6   0x080001a6   0x00000000   Code   RO          608    .ARM.Collect$$libinit$$00000025  c_w.l(libinit2.o)
    0x080001a6   0x080001a6   0x00000000   Code   RO          612    .ARM.Collect$$libinit$$0000002C  c_w.l(libinit2.o)
    0x080001a6   0x080001a6   0x00000000   Code   RO          614    .ARM.Collect$$libinit$$0000002E  c_w.l(libinit2.o)
    0x080001a6   0x080001a6   0x00000000   Code   RO          616    .ARM.Collect$$libinit$$00000030  c_w.l(libinit2.o)
    0x080001a6   0x080001a6   0x00000000   Code   RO          618    .ARM.Collect$$libinit$$00000032  c_w.l(libinit2.o)
    0x080001a6   0x080001a6   0x00000002   Code   RO          619    .ARM.Collect$$libinit$$00000033  c_w.l(libinit2.o)
    0x080001a8   0x080001a8   0x00000002   Code   RO          637    .ARM.Collect$$libshutdown$$00000000  c_w.l(libshutdown.o)
    0x080001aa   0x080001aa   0x00000000   Code   RO          647    .ARM.Collect$$libshutdown$$00000002  c_w.l(libshutdown2.o)
    0x080001aa   0x080001aa   0x00000000   Code   RO          649    .ARM.Collect$$libshutdown$$00000004  c_w.l(libshutdown2.o)
    0x080001aa   0x080001aa   0x00000000   Code   RO          651    .ARM.Collect$$libshutdown$$00000006  c_w.l(libshutdown2.o)
    0x080001aa   0x080001aa   0x00000000   Code   RO          654    .ARM.Collect$$libshutdown$$00000009  c_w.l(libshutdown2.o)
    0x080001aa   0x080001aa   0x00000000   Code   RO          657    .ARM.Collect$$libshutdown$$0000000C  c_w.l(libshutdown2.o)
    0x080001aa   0x080001aa   0x00000000   Code   RO          659    .ARM.Collect$$libshutdown$$0000000E  c_w.l(libshutdown2.o)
    0x080001aa   0x080001aa   0x00000000   Code   RO          662    .ARM.Collect$$libshutdown$$00000011  c_w.l(libshutdown2.o)
    0x080001aa   0x080001aa   0x00000002   Code   RO          663    .ARM.Collect$$libshutdown$$00000012  c_w.l(libshutdown2.o)
    0x080001ac   0x080001ac   0x00000000   Code   RO          542    .ARM.Collect$$rtentry$$00000000  c_w.l(__rtentry.o)
    0x080001ac   0x080001ac   0x00000000   Code   RO          546    .ARM.Collect$$rtentry$$00000002  c_w.l(__rtentry2.o)
    0x080001ac   0x080001ac   0x00000006   Code   RO          558    .ARM.Collect$$rtentry$$00000004  c_w.l(__rtentry4.o)
    0x080001b2   0x080001b2   0x00000000   Code   RO          548    .ARM.Collect$$rtentry$$00000009  c_w.l(__rtentry2.o)
    0x080001b2   0x080001b2   0x00000004   Code   RO          549    .ARM.Collect$$rtentry$$0000000A  c_w.l(__rtentry2.o)
    0x080001b6   0x080001b6   0x00000000   Code   RO          551    .ARM.Collect$$rtentry$$0000000C  c_w.l(__rtentry2.o)
    0x080001b6   0x080001b6   0x00000008   Code   RO          552    .ARM.Collect$$rtentry$$0000000D  c_w.l(__rtentry2.o)
    0x080001be   0x080001be   0x00000002   Code   RO          573    .ARM.Collect$$rtexit$$00000000  c_w.l(rtexit.o)
    0x080001c0   0x080001c0   0x00000000   Code   RO          621    .ARM.Collect$$rtexit$$00000002  c_w.l(rtexit2.o)
    0x080001c0   0x080001c0   0x00000004   Code   RO          622    .ARM.Collect$$rtexit$$00000003  c_w.l(rtexit2.o)
    0x080001c4   0x080001c4   0x00000006   Code   RO          623    .ARM.Collect$$rtexit$$00000004  c_w.l(rtexit2.o)
    0x080001ca   0x080001ca   0x00000002   PAD
    0x080001cc   0x080001cc   0x00000096   Code   RO          481    .emb_text           port.o
    0x08000262   0x08000262   0x00000002   PAD
    0x08000264   0x08000264   0x000000e0   Code   RO            1    .text               main.o
    0x08000344   0x08000344   0x0000000c   Code   RO          143    .text               stm32f10x_it.o
    0x08000350   0x08000350   0x00000158   Code   RO          184    .text               system_stm32f10x.o
    0x080004a8   0x080004a8   0x00000050   Code   RO          202    .text               led.o
    0x080004f8   0x080004f8   0x0000003c   Code   RO          214    .text               delay.o
    0x08000534   0x08000534   0x00000114   Code   RO          243    .text               usart.o
    0x08000648   0x08000648   0x00000040   Code   RO          289    .text               startup_stm32f10x_hd.o
    0x08000688   0x08000688   0x000000b0   Code   RO          293    .text               misc.o
    0x08000738   0x08000738   0x00000264   Code   RO          305    .text               stm32f10x_gpio.o
    0x0800099c   0x0800099c   0x000002b8   Code   RO          317    .text               stm32f10x_rcc.o
    0x08000c54   0x08000c54   0x00000328   Code   RO          331    .text               stm32f10x_usart.o
    0x08000f7c   0x08000f7c   0x00000088   Code   RO          391    .text               list.o
    0x08001004   0x08001004   0x00000cbc   Code   RO          406    .text               queue.o
    0x08001cc0   0x08001cc0   0x000017e4   Code   RO          424    .text               tasks.o
    0x080034a4   0x080034a4   0x000005b0   Code   RO          447    .text               timers.o
    0x08003a54   0x08003a54   0x000001fc   Code   RO          482    .text               port.o
    0x08003c50   0x08003c50   0x0000031c   Code   RO          511    .text               heap_4.o
    0x08003f6c   0x08003f6c   0x00000002   Code   RO          528    .text               c_w.l(use_no_semi_2.o)
    0x08003f6e   0x08003f6e   0x0000008a   Code   RO          530    .text               c_w.l(rt_memcpy_v6.o)
    0x08003ff8   0x08003ff8   0x00000044   Code   RO          532    .text               c_w.l(rt_memclr.o)
    0x0800403c   0x0800403c   0x0000004e   Code   RO          534    .text               c_w.l(rt_memclr_w.o)
    0x0800408a   0x0800408a   0x00000006   Code   RO          536    .text               c_w.l(heapauxi.o)
    0x08004090   0x08004090   0x00000002   Code   RO          540    .text               c_w.l(use_no_semi.o)
    0x08004092   0x08004092   0x00000064   Code   RO          543    .text               c_w.l(rt_memcpy_w.o)
    0x080040f6   0x080040f6   0x0000004a   Code   RO          560    .text               c_w.l(sys_stackheap_outer.o)
    0x08004140   0x08004140   0x00000012   Code   RO          562    .text               c_w.l(exit.o)
    0x08004152   0x08004152   0x00000002   PAD
    0x08004154   0x08004154   0x00000008   Code   RO          570    .text               c_w.l(libspace.o)
    0x0800415c   0x0800415c   0x00000020   Data   RO          695    Region$$Table       anon$$obj.o


    Execution Region RW_IRAM1 (Exec base: 0x20000000, Load base: 0x0800417c, Size: 0x00006060, Max: 0x0000c000, ABSOLUTE)

    Exec Addr    Load Addr    Size         Type   Attr      Idx    E Section Name        Object

    0x20000000   0x0800417c   0x0000000c   Data   RW            2    .data               main.o
    0x2000000c   0x08004188   0x00000014   Data   RW          185    .data               system_stm32f10x.o
    0x20000020   0x0800419c   0x00000002   Data   RW          245    .data               usart.o
    0x20000022   0x0800419e   0x00000014   Data   RW          318    .data               stm32f10x_rcc.o
    0x20000036   0x080041b2   0x00000002   PAD
    0x20000038   0x080041b4   0x00000040   Data   RW          426    .data               tasks.o
    0x20000078   0x080041f4   0x00000014   Data   RW          449    .data               timers.o
    0x2000008c   0x08004208   0x0000000c   Data   RW          483    .data               port.o
    0x20000098   0x08004214   0x0000001c   Data   RW          513    .data               heap_4.o
    0x200000b4        -       0x000000c8   Zero   RW          244    .bss                usart.o
    0x2000017c        -       0x00000798   Zero   RW          425    .bss                tasks.o
    0x20000914        -       0x000000e8   Zero   RW          448    .bss                timers.o
    0x200009fc        -       0x00005000   Zero   RW          512    .bss                heap_4.o
    0x200059fc        -       0x00000060   Zero   RW          571    .bss                c_w.l(libspace.o)
    0x20005a5c   0x08004230   0x00000004   PAD
    0x20005a60        -       0x00000200   Zero   RW          287    HEAP                startup_stm32f10x_hd.o
    0x20005c60        -       0x00000400   Zero   RW          286    STACK               startup_stm32f10x_hd.o


==============================================================================

Image component sizes


      Code (inc. data)   RO Data    RW Data    ZI Data      Debug   Object Name

        60         10          0          0          0        501   delay.o
         0          0          0          0          0      45820   event_groups.o
       796         14          0         28      20480       6263   heap_4.o
        80         10          0          0          0        503   led.o
       136          0          0          0          0       1906   list.o
       224         48          0         12          0     249316   main.o
       176         14          0          0          0       1905   misc.o
       658         30          0         12          0       7967   port.o
      3260          8          0          0          0      23637   queue.o
        64         26        304          0       1536        800   startup_stm32f10x_hd.o
       612         36          0          0          0       6037   stm32f10x_gpio.o
        12          0          0          0          0        891   stm32f10x_it.o
       696         32          0         20          0       9020   stm32f10x_rcc.o
       808         22          0          0          0       8900   stm32f10x_usart.o
         0          0          0          0          0         32   sys.o
       344         34          0         20          0       1791   system_stm32f10x.o
      6116         96          0         64       1944      41119   tasks.o
      1456         42          0         20        232      60992   timers.o
       276         16          0          2        200       3290   usart.o

    ----------------------------------------------------------------------
     15776        438        336        180      24392     470690   Object Totals
         0          0         32          0          0          0   (incl. Generated)
         2          0          0          2          0          0   (incl. Padding)

    ----------------------------------------------------------------------

      Code (inc. data)   RO Data    RW Data    ZI Data      Debug   Library Member Name

         8          0          0          0          0         68   __main.o
         0          0          0          0          0          0   __rtentry.o
        12          0          0          0          0          0   __rtentry2.o
         6          0          0          0          0          0   __rtentry4.o
        52          8          0          0          0          0   __scatter.o
        26          0          0          0          0          0   __scatter_copy.o
        28          0          0          0          0          0   __scatter_zi.o
        18          0          0          0          0         80   exit.o
         6          0          0          0          0        152   heapauxi.o
         2          0          0          0          0          0   libinit.o
         2          0          0          0          0          0   libinit2.o
         2          0          0          0          0          0   libshutdown.o
         2          0          0          0          0          0   libshutdown2.o
         8          4          0          0         96         68   libspace.o
        68          0          0          0          0         68   rt_memclr.o
        78          0          0          0          0         80   rt_memclr_w.o
       138          0          0          0          0         68   rt_memcpy_v6.o
       100          0          0          0          0         80   rt_memcpy_w.o
         2          0          0          0          0          0   rtexit.o
        10          0          0          0          0          0   rtexit2.o
        74          0          0          0          0         80   sys_stackheap_outer.o
         2          0          0          0          0         68   use_no_semi.o
         2          0          0          0          0         68   use_no_semi_2.o

    ----------------------------------------------------------------------
       652         12          0          0        100        880   Library Totals
         6          0          0          0          4          0   (incl. Padding)

    ----------------------------------------------------------------------

      Code (inc. data)   RO Data    RW Data    ZI Data      Debug   Library Name

       646         12          0          0         96        880   c_w.l

    ----------------------------------------------------------------------
       652         12          0          0        100        880   Library Totals

    ----------------------------------------------------------------------

==============================================================================


      Code (inc. data)   RO Data    RW Data    ZI Data      Debug   

     16428        450        336        180      24492     468810   Grand Totals
     16428        450        336        180      24492     468810   ELF Image Totals
     16428        450        336        180          0          0   ROM Totals

==============================================================================

    Total RO  Size (Code + RO Data)                16764 (  16.37kB)
    Total RW  Size (RW Data + ZI Data)             24672 (  24.09kB)
    Total ROM Size (Code + RO Data + RW Data)      16944 (  16.55kB)

==============================================================================

